Archive member included because of file (symbol)

c:/users/beshoy emad/onedrive/desktop/imt/imt sdk/imt_sdk_win_64/winavr/bin/../lib/gcc/avr/4.3.3/avr5\libgcc.a(_udivmodsi4.o)
                              ./LCD/Src/HAL_LCD.o (__udivmodsi4)
c:/users/beshoy emad/onedrive/desktop/imt/imt sdk/imt_sdk_win_64/winavr/bin/../lib/gcc/avr/4.3.3/avr5\libgcc.a(_exit.o)
                              c:/users/beshoy emad/onedrive/desktop/imt/imt sdk/imt_sdk_win_64/winavr/bin/../lib/gcc/avr/4.3.3/../../../../avr/lib/avr5/crtm32.o (exit)
c:/users/beshoy emad/onedrive/desktop/imt/imt sdk/imt_sdk_win_64/winavr/bin/../lib/gcc/avr/4.3.3/avr5\libgcc.a(_copy_data.o)
                              ./DIO/Src/MCAL_DIO.o (__do_copy_data)

Memory Configuration

Name             Origin             Length             Attributes
text             0x00000000         0x00020000         xr
data             0x00800060         0x0000ffa0         rw !x
eeprom           0x00810000         0x00010000         rw !x
fuse             0x00820000         0x00000400         rw !x
lock             0x00830000         0x00000400         rw !x
signature        0x00840000         0x00000400         rw !x
*default*        0x00000000         0xffffffff

Linker script and memory map

LOAD c:/users/beshoy emad/onedrive/desktop/imt/imt sdk/imt_sdk_win_64/winavr/bin/../lib/gcc/avr/4.3.3/../../../../avr/lib/avr5/crtm32.o
LOAD ./LCD/Src/HAL_LCD.o
LOAD ./DIO/Src/MCAL_DIO.o
LOAD ./main.o
LOAD c:/users/beshoy emad/onedrive/desktop/imt/imt sdk/imt_sdk_win_64/winavr/bin/../lib/gcc/avr/4.3.3/avr5\libgcc.a
LOAD c:/users/beshoy emad/onedrive/desktop/imt/imt sdk/imt_sdk_win_64/winavr/bin/../lib/gcc/avr/4.3.3/../../../../avr/lib/avr5\libc.a
LOAD c:/users/beshoy emad/onedrive/desktop/imt/imt sdk/imt_sdk_win_64/winavr/bin/../lib/gcc/avr/4.3.3/avr5\libgcc.a

.hash
 *(.hash)

.dynsym
 *(.dynsym)

.dynstr
 *(.dynstr)

.gnu.version
 *(.gnu.version)

.gnu.version_d
 *(.gnu.version_d)

.gnu.version_r
 *(.gnu.version_r)

.rel.init
 *(.rel.init)

.rela.init
 *(.rela.init)

.rel.text
 *(.rel.text)
 *(.rel.text.*)
 *(.rel.gnu.linkonce.t*)

.rela.text
 *(.rela.text)
 *(.rela.text.*)
 *(.rela.gnu.linkonce.t*)

.rel.fini
 *(.rel.fini)

.rela.fini
 *(.rela.fini)

.rel.rodata
 *(.rel.rodata)
 *(.rel.rodata.*)
 *(.rel.gnu.linkonce.r*)

.rela.rodata
 *(.rela.rodata)
 *(.rela.rodata.*)
 *(.rela.gnu.linkonce.r*)

.rel.data
 *(.rel.data)
 *(.rel.data.*)
 *(.rel.gnu.linkonce.d*)

.rela.data
 *(.rela.data)
 *(.rela.data.*)
 *(.rela.gnu.linkonce.d*)

.rel.ctors
 *(.rel.ctors)

.rela.ctors
 *(.rela.ctors)

.rel.dtors
 *(.rel.dtors)

.rela.dtors
 *(.rela.dtors)

.rel.got
 *(.rel.got)

.rela.got
 *(.rela.got)

.rel.bss
 *(.rel.bss)

.rela.bss
 *(.rela.bss)

.rel.plt
 *(.rel.plt)

.rela.plt
 *(.rela.plt)

.text           0x00000000      0xd5c
 *(.vectors)
 .vectors       0x00000000       0x54 c:/users/beshoy emad/onedrive/desktop/imt/imt sdk/imt_sdk_win_64/winavr/bin/../lib/gcc/avr/4.3.3/../../../../avr/lib/avr5/crtm32.o
                0x00000000                __vectors
                0x00000000                __vector_default
 *(.vectors)
 *(.progmem.gcc*)
 *(.progmem*)
                0x00000054                . = ALIGN (0x2)
                0x00000054                __trampolines_start = .
 *(.trampolines)
 .trampolines   0x00000054        0x0 linker stubs
 *(.trampolines*)
                0x00000054                __trampolines_end = .
 *(.jumptables)
 *(.jumptables*)
 *(.lowtext)
 *(.lowtext*)
                0x00000054                __ctors_start = .
 *(.ctors)
                0x00000054                __ctors_end = .
                0x00000054                __dtors_start = .
 *(.dtors)
                0x00000054                __dtors_end = .
 SORT(*)(.ctors)
 SORT(*)(.dtors)
 *(.init0)
 .init0         0x00000054        0x0 c:/users/beshoy emad/onedrive/desktop/imt/imt sdk/imt_sdk_win_64/winavr/bin/../lib/gcc/avr/4.3.3/../../../../avr/lib/avr5/crtm32.o
                0x00000054                __init
 *(.init0)
 *(.init1)
 *(.init1)
 *(.init2)
 .init2         0x00000054        0xc c:/users/beshoy emad/onedrive/desktop/imt/imt sdk/imt_sdk_win_64/winavr/bin/../lib/gcc/avr/4.3.3/../../../../avr/lib/avr5/crtm32.o
 *(.init2)
 *(.init3)
 *(.init3)
 *(.init4)
 .init4         0x00000060       0x16 c:/users/beshoy emad/onedrive/desktop/imt/imt sdk/imt_sdk_win_64/winavr/bin/../lib/gcc/avr/4.3.3/avr5\libgcc.a(_copy_data.o)
                0x00000060                __do_copy_data
 *(.init4)
 *(.init5)
 *(.init5)
 *(.init6)
 *(.init6)
 *(.init7)
 *(.init7)
 *(.init8)
 *(.init8)
 *(.init9)
 .init9         0x00000076        0x8 c:/users/beshoy emad/onedrive/desktop/imt/imt sdk/imt_sdk_win_64/winavr/bin/../lib/gcc/avr/4.3.3/../../../../avr/lib/avr5/crtm32.o
 *(.init9)
 *(.text)
 .text          0x0000007e        0x4 c:/users/beshoy emad/onedrive/desktop/imt/imt sdk/imt_sdk_win_64/winavr/bin/../lib/gcc/avr/4.3.3/../../../../avr/lib/avr5/crtm32.o
                0x0000007e                __vector_1
                0x0000007e                __vector_12
                0x0000007e                __bad_interrupt
                0x0000007e                __vector_6
                0x0000007e                __vector_3
                0x0000007e                __vector_11
                0x0000007e                __vector_13
                0x0000007e                __vector_17
                0x0000007e                __vector_19
                0x0000007e                __vector_7
                0x0000007e                __vector_5
                0x0000007e                __vector_4
                0x0000007e                __vector_9
                0x0000007e                __vector_2
                0x0000007e                __vector_15
                0x0000007e                __vector_8
                0x0000007e                __vector_14
                0x0000007e                __vector_10
                0x0000007e                __vector_16
                0x0000007e                __vector_18
                0x0000007e                __vector_20
 .text          0x00000082        0x0 ./LCD/Src/HAL_LCD.o
 .text          0x00000082        0x0 ./DIO/Src/MCAL_DIO.o
 .text          0x00000082        0x0 ./main.o
 .text          0x00000082        0x0 c:/users/beshoy emad/onedrive/desktop/imt/imt sdk/imt_sdk_win_64/winavr/bin/../lib/gcc/avr/4.3.3/avr5\libgcc.a(_udivmodsi4.o)
 .text          0x00000082        0x0 c:/users/beshoy emad/onedrive/desktop/imt/imt sdk/imt_sdk_win_64/winavr/bin/../lib/gcc/avr/4.3.3/avr5\libgcc.a(_exit.o)
 .text          0x00000082        0x0 c:/users/beshoy emad/onedrive/desktop/imt/imt sdk/imt_sdk_win_64/winavr/bin/../lib/gcc/avr/4.3.3/avr5\libgcc.a(_copy_data.o)
                0x00000082                . = ALIGN (0x2)
 *(.text.*)
 .text.delay_ms
                0x00000082       0x9a ./LCD/Src/HAL_LCD.o
                0x00000082                delay_ms
 .text.GPIO_LCD_init
                0x0000011c      0x106 ./LCD/Src/HAL_LCD.o
                0x0000011c                GPIO_LCD_init
 .text.HAL_LCD_Init
                0x00000222       0x7e ./LCD/Src/HAL_LCD.o
                0x00000222                HAL_LCD_Init
 .text.HAL_LCD_Send_Cmnd
                0x000002a0       0xb2 ./LCD/Src/HAL_LCD.o
                0x000002a0                HAL_LCD_Send_Cmnd
 .text.HAL_LCD_Send_Char
                0x00000352       0xb2 ./LCD/Src/HAL_LCD.o
                0x00000352                HAL_LCD_Send_Char
 .text.HAL_LCD_Send_String
                0x00000404       0x6c ./LCD/Src/HAL_LCD.o
                0x00000404                HAL_LCD_Send_String
 .text.HAL_LCD_GOTO_XY
                0x00000470       0x56 ./LCD/Src/HAL_LCD.o
                0x00000470                HAL_LCD_GOTO_XY
 .text.HAL_LCD_Clean_Screen
                0x000004c6       0x20 ./LCD/Src/HAL_LCD.o
                0x000004c6                HAL_LCD_Clean_Screen
 .text.HAL_LCD_Send_Number
                0x000004e6       0xee ./LCD/Src/HAL_LCD.o
                0x000004e6                HAL_LCD_Send_Number
 .text.HAL_LCD_Special_Character
                0x000005d4       0x80 ./LCD/Src/HAL_LCD.o
                0x000005d4                HAL_LCD_Special_Character
 .text.MCAL_DIO_Init
                0x00000654      0x31a ./DIO/Src/MCAL_DIO.o
                0x00000654                MCAL_DIO_Init
 .text.MCAL_DIO_WritePin
                0x0000096e      0x14c ./DIO/Src/MCAL_DIO.o
                0x0000096e                MCAL_DIO_WritePin
 .text.MCAL_DIO_WritePort
                0x00000aba       0x66 ./DIO/Src/MCAL_DIO.o
                0x00000aba                MCAL_DIO_WritePort
 .text.MCAL_DIO_ReadPin
                0x00000b20       0xb2 ./DIO/Src/MCAL_DIO.o
                0x00000b20                MCAL_DIO_ReadPin
 .text.MCAL_DIO_ReadPort
                0x00000bd2       0x76 ./DIO/Src/MCAL_DIO.o
                0x00000bd2                MCAL_DIO_ReadPort
 .text.MCAL_DIO_TogglePin
                0x00000c48       0xa6 ./DIO/Src/MCAL_DIO.o
                0x00000c48                MCAL_DIO_TogglePin
 .text.main     0x00000cee       0x26 ./main.o
                0x00000cee                main
 .text.libgcc   0x00000d14       0x44 c:/users/beshoy emad/onedrive/desktop/imt/imt sdk/imt_sdk_win_64/winavr/bin/../lib/gcc/avr/4.3.3/avr5\libgcc.a(_udivmodsi4.o)
                0x00000d14                __udivmodsi4
 .text.libgcc   0x00000d58        0x0 c:/users/beshoy emad/onedrive/desktop/imt/imt sdk/imt_sdk_win_64/winavr/bin/../lib/gcc/avr/4.3.3/avr5\libgcc.a(_exit.o)
 .text.libgcc   0x00000d58        0x0 c:/users/beshoy emad/onedrive/desktop/imt/imt sdk/imt_sdk_win_64/winavr/bin/../lib/gcc/avr/4.3.3/avr5\libgcc.a(_copy_data.o)
                0x00000d58                . = ALIGN (0x2)
 *(.fini9)
 .fini9         0x00000d58        0x0 c:/users/beshoy emad/onedrive/desktop/imt/imt sdk/imt_sdk_win_64/winavr/bin/../lib/gcc/avr/4.3.3/avr5\libgcc.a(_exit.o)
                0x00000d58                exit
                0x00000d58                _exit
 *(.fini9)
 *(.fini8)
 *(.fini8)
 *(.fini7)
 *(.fini7)
 *(.fini6)
 *(.fini6)
 *(.fini5)
 *(.fini5)
 *(.fini4)
 *(.fini4)
 *(.fini3)
 *(.fini3)
 *(.fini2)
 *(.fini2)
 *(.fini1)
 *(.fini1)
 *(.fini0)
 .fini0         0x00000d58        0x4 c:/users/beshoy emad/onedrive/desktop/imt/imt sdk/imt_sdk_win_64/winavr/bin/../lib/gcc/avr/4.3.3/avr5\libgcc.a(_exit.o)
 *(.fini0)
                0x00000d5c                _etext = .

.data           0x00800060       0x22 load address 0x00000d5c
                0x00800060                PROVIDE (__data_start, .)
 *(.data)
 .data          0x00800060        0x0 c:/users/beshoy emad/onedrive/desktop/imt/imt sdk/imt_sdk_win_64/winavr/bin/../lib/gcc/avr/4.3.3/../../../../avr/lib/avr5/crtm32.o
 .data          0x00800060        0x0 ./LCD/Src/HAL_LCD.o
 .data          0x00800060        0x0 ./DIO/Src/MCAL_DIO.o
 .data          0x00800060       0x20 ./main.o
 .data          0x00800080        0x0 c:/users/beshoy emad/onedrive/desktop/imt/imt sdk/imt_sdk_win_64/winavr/bin/../lib/gcc/avr/4.3.3/avr5\libgcc.a(_udivmodsi4.o)
 .data          0x00800080        0x0 c:/users/beshoy emad/onedrive/desktop/imt/imt sdk/imt_sdk_win_64/winavr/bin/../lib/gcc/avr/4.3.3/avr5\libgcc.a(_exit.o)
 .data          0x00800080        0x0 c:/users/beshoy emad/onedrive/desktop/imt/imt sdk/imt_sdk_win_64/winavr/bin/../lib/gcc/avr/4.3.3/avr5\libgcc.a(_copy_data.o)
 *(.data*)
 .data.DIO_x    0x00800080        0x2 ./DIO/Src/MCAL_DIO.o
                0x00800080                DIO_x
 *(.rodata)
 *(.rodata*)
 *(.gnu.linkonce.d*)
                0x00800082                . = ALIGN (0x2)
                0x00800082                _edata = .
                0x00800082                PROVIDE (__data_end, .)

.bss            0x00800082        0x0
                0x00800082                PROVIDE (__bss_start, .)
 *(.bss)
 .bss           0x00800082        0x0 c:/users/beshoy emad/onedrive/desktop/imt/imt sdk/imt_sdk_win_64/winavr/bin/../lib/gcc/avr/4.3.3/../../../../avr/lib/avr5/crtm32.o
 .bss           0x00800082        0x0 ./LCD/Src/HAL_LCD.o
 .bss           0x00800082        0x0 ./DIO/Src/MCAL_DIO.o
 .bss           0x00800082        0x0 ./main.o
 .bss           0x00800082        0x0 c:/users/beshoy emad/onedrive/desktop/imt/imt sdk/imt_sdk_win_64/winavr/bin/../lib/gcc/avr/4.3.3/avr5\libgcc.a(_udivmodsi4.o)
 .bss           0x00800082        0x0 c:/users/beshoy emad/onedrive/desktop/imt/imt sdk/imt_sdk_win_64/winavr/bin/../lib/gcc/avr/4.3.3/avr5\libgcc.a(_exit.o)
 .bss           0x00800082        0x0 c:/users/beshoy emad/onedrive/desktop/imt/imt sdk/imt_sdk_win_64/winavr/bin/../lib/gcc/avr/4.3.3/avr5\libgcc.a(_copy_data.o)
 *(.bss*)
 *(COMMON)
                0x00800082                PROVIDE (__bss_end, .)
                0x00000d5c                __data_load_start = LOADADDR (.data)
                0x00000d7e                __data_load_end = (__data_load_start + SIZEOF (.data))

.noinit         0x00800082        0x0
                0x00800082                PROVIDE (__noinit_start, .)
 *(.noinit*)
                0x00800082                PROVIDE (__noinit_end, .)
                0x00800082                _end = .
                0x00800082                PROVIDE (__heap_start, .)

.eeprom         0x00810000        0x0
 *(.eeprom*)
                0x00810000                __eeprom_end = .

.fuse
 *(.fuse)
 *(.lfuse)
 *(.hfuse)
 *(.efuse)

.lock
 *(.lock*)

.signature
 *(.signature*)

.stab           0x00000000     0x1368
 *(.stab)
 .stab          0x00000000      0xaec ./LCD/Src/HAL_LCD.o
 .stab          0x00000aec      0x720 ./DIO/Src/MCAL_DIO.o
                                0x90c (size before relaxing)
 .stab          0x0000120c      0x15c ./main.o
                                0x348 (size before relaxing)

.stabstr        0x00000000      0xc8d
 *(.stabstr)
 .stabstr       0x00000000      0xc8d ./LCD/Src/HAL_LCD.o

.stab.excl
 *(.stab.excl)

.stab.exclstr
 *(.stab.exclstr)

.stab.index
 *(.stab.index)

.stab.indexstr
 *(.stab.indexstr)

.comment
 *(.comment)

.debug
 *(.debug)

.line
 *(.line)

.debug_srcinfo
 *(.debug_srcinfo)

.debug_sfnames
 *(.debug_sfnames)

.debug_aranges
 *(.debug_aranges)

.debug_pubnames
 *(.debug_pubnames)

.debug_info
 *(.debug_info)
 *(.gnu.linkonce.wi.*)

.debug_abbrev
 *(.debug_abbrev)

.debug_line
 *(.debug_line)

.debug_frame
 *(.debug_frame)

.debug_str
 *(.debug_str)

.debug_loc
 *(.debug_loc)

.debug_macinfo
 *(.debug_macinfo)
OUTPUT(Lab1_unit7_section4.elf elf32-avr)
LOAD linker stubs
