MCAL_EXTI.c:33:6:Enable_NVIC	16	static
MCAL_EXTI.c:70:6:Disable_NVIC	16	static
MCAL_EXTI.c:109:6:Update_EXTI	24	static
MCAL_EXTI.c:181:6:MCAL_EXTI_GPIO_DeInit	4	static
MCAL_EXTI.c:213:6:MCAL_EXTI_GPIO_Init	16	static
MCAL_EXTI.c:231:6:MCAL_EXTI_GPIO_Update	16	static
MCAL_EXTI.c:242:6:EXTI0_IRQHandler	8	static
MCAL_EXTI.c:249:6:EXTI1_IRQHandler	8	static
MCAL_EXTI.c:256:6:EXTI2_IRQHandler	8	static
MCAL_EXTI.c:263:6:EXTI3_IRQHandler	8	static
MCAL_EXTI.c:270:6:EXTI4_IRQHandler	8	static
MCAL_EXTI.c:277:6:EXTI9_5_IRQHandler	8	static
MCAL_EXTI.c:286:6:EXTI15_10_IRQHandler	8	static
