Archive member included to satisfy reference by file (symbol)

c:/st/stm32cubeide_1.4.0/stm32cubeide/plugins/com.st.stm32cube.ide.mcu.externaltools.gnu-tools-for-stm32.7-2018-q2-update.win32_1.4.0.202007081208/tools/bin/../lib/gcc/arm-none-eabi/7.3.1/../../../../arm-none-eabi/lib/thumb/v7-m\libc_nano.a(lib_a-errno.o)
                              Src/syscalls.o (__errno)
c:/st/stm32cubeide_1.4.0/stm32cubeide/plugins/com.st.stm32cube.ide.mcu.externaltools.gnu-tools-for-stm32.7-2018-q2-update.win32_1.4.0.202007081208/tools/bin/../lib/gcc/arm-none-eabi/7.3.1/../../../../arm-none-eabi/lib/thumb/v7-m\libc_nano.a(lib_a-exit.o)
                              c:/st/stm32cubeide_1.4.0/stm32cubeide/plugins/com.st.stm32cube.ide.mcu.externaltools.gnu-tools-for-stm32.7-2018-q2-update.win32_1.4.0.202007081208/tools/bin/../lib/gcc/arm-none-eabi/7.3.1/../../../../arm-none-eabi/lib/thumb/v7-m/crt0.o (exit)
c:/st/stm32cubeide_1.4.0/stm32cubeide/plugins/com.st.stm32cube.ide.mcu.externaltools.gnu-tools-for-stm32.7-2018-q2-update.win32_1.4.0.202007081208/tools/bin/../lib/gcc/arm-none-eabi/7.3.1/../../../../arm-none-eabi/lib/thumb/v7-m\libc_nano.a(lib_a-impure.o)
                              c:/st/stm32cubeide_1.4.0/stm32cubeide/plugins/com.st.stm32cube.ide.mcu.externaltools.gnu-tools-for-stm32.7-2018-q2-update.win32_1.4.0.202007081208/tools/bin/../lib/gcc/arm-none-eabi/7.3.1/../../../../arm-none-eabi/lib/thumb/v7-m\libc_nano.a(lib_a-exit.o) (_global_impure_ptr)
c:/st/stm32cubeide_1.4.0/stm32cubeide/plugins/com.st.stm32cube.ide.mcu.externaltools.gnu-tools-for-stm32.7-2018-q2-update.win32_1.4.0.202007081208/tools/bin/../lib/gcc/arm-none-eabi/7.3.1/../../../../arm-none-eabi/lib/thumb/v7-m\libc_nano.a(lib_a-init.o)
                              c:/st/stm32cubeide_1.4.0/stm32cubeide/plugins/com.st.stm32cube.ide.mcu.externaltools.gnu-tools-for-stm32.7-2018-q2-update.win32_1.4.0.202007081208/tools/bin/../lib/gcc/arm-none-eabi/7.3.1/../../../../arm-none-eabi/lib/thumb/v7-m/crt0.o (__libc_init_array)
c:/st/stm32cubeide_1.4.0/stm32cubeide/plugins/com.st.stm32cube.ide.mcu.externaltools.gnu-tools-for-stm32.7-2018-q2-update.win32_1.4.0.202007081208/tools/bin/../lib/gcc/arm-none-eabi/7.3.1/../../../../arm-none-eabi/lib/thumb/v7-m\libc_nano.a(lib_a-memset.o)
                              c:/st/stm32cubeide_1.4.0/stm32cubeide/plugins/com.st.stm32cube.ide.mcu.externaltools.gnu-tools-for-stm32.7-2018-q2-update.win32_1.4.0.202007081208/tools/bin/../lib/gcc/arm-none-eabi/7.3.1/../../../../arm-none-eabi/lib/thumb/v7-m/crt0.o (memset)

Discarded input sections

 .text          0x0000000000000000        0x0 c:/st/stm32cubeide_1.4.0/stm32cubeide/plugins/com.st.stm32cube.ide.mcu.externaltools.gnu-tools-for-stm32.7-2018-q2-update.win32_1.4.0.202007081208/tools/bin/../lib/gcc/arm-none-eabi/7.3.1/thumb/v7-m/crti.o
 .data          0x0000000000000000        0x0 c:/st/stm32cubeide_1.4.0/stm32cubeide/plugins/com.st.stm32cube.ide.mcu.externaltools.gnu-tools-for-stm32.7-2018-q2-update.win32_1.4.0.202007081208/tools/bin/../lib/gcc/arm-none-eabi/7.3.1/thumb/v7-m/crti.o
 .bss           0x0000000000000000        0x0 c:/st/stm32cubeide_1.4.0/stm32cubeide/plugins/com.st.stm32cube.ide.mcu.externaltools.gnu-tools-for-stm32.7-2018-q2-update.win32_1.4.0.202007081208/tools/bin/../lib/gcc/arm-none-eabi/7.3.1/thumb/v7-m/crti.o
 .data          0x0000000000000000        0x4 c:/st/stm32cubeide_1.4.0/stm32cubeide/plugins/com.st.stm32cube.ide.mcu.externaltools.gnu-tools-for-stm32.7-2018-q2-update.win32_1.4.0.202007081208/tools/bin/../lib/gcc/arm-none-eabi/7.3.1/thumb/v7-m/crtbegin.o
 .text          0x0000000000000000       0x74 c:/st/stm32cubeide_1.4.0/stm32cubeide/plugins/com.st.stm32cube.ide.mcu.externaltools.gnu-tools-for-stm32.7-2018-q2-update.win32_1.4.0.202007081208/tools/bin/../lib/gcc/arm-none-eabi/7.3.1/../../../../arm-none-eabi/lib/thumb/v7-m/crt0.o
 .data          0x0000000000000000        0x0 c:/st/stm32cubeide_1.4.0/stm32cubeide/plugins/com.st.stm32cube.ide.mcu.externaltools.gnu-tools-for-stm32.7-2018-q2-update.win32_1.4.0.202007081208/tools/bin/../lib/gcc/arm-none-eabi/7.3.1/../../../../arm-none-eabi/lib/thumb/v7-m/crt0.o
 .bss           0x0000000000000000        0x0 c:/st/stm32cubeide_1.4.0/stm32cubeide/plugins/com.st.stm32cube.ide.mcu.externaltools.gnu-tools-for-stm32.7-2018-q2-update.win32_1.4.0.202007081208/tools/bin/../lib/gcc/arm-none-eabi/7.3.1/../../../../arm-none-eabi/lib/thumb/v7-m/crt0.o
 .ARM.extab     0x0000000000000000        0x0 c:/st/stm32cubeide_1.4.0/stm32cubeide/plugins/com.st.stm32cube.ide.mcu.externaltools.gnu-tools-for-stm32.7-2018-q2-update.win32_1.4.0.202007081208/tools/bin/../lib/gcc/arm-none-eabi/7.3.1/../../../../arm-none-eabi/lib/thumb/v7-m/crt0.o
 .ARM.exidx     0x0000000000000000        0x8 c:/st/stm32cubeide_1.4.0/stm32cubeide/plugins/com.st.stm32cube.ide.mcu.externaltools.gnu-tools-for-stm32.7-2018-q2-update.win32_1.4.0.202007081208/tools/bin/../lib/gcc/arm-none-eabi/7.3.1/../../../../arm-none-eabi/lib/thumb/v7-m/crt0.o
 .ARM.attributes
                0x0000000000000000       0x1b c:/st/stm32cubeide_1.4.0/stm32cubeide/plugins/com.st.stm32cube.ide.mcu.externaltools.gnu-tools-for-stm32.7-2018-q2-update.win32_1.4.0.202007081208/tools/bin/../lib/gcc/arm-none-eabi/7.3.1/../../../../arm-none-eabi/lib/thumb/v7-m/crt0.o
 .group         0x0000000000000000        0xc GPIO/Src/MCAL_GPIO.o
 .group         0x0000000000000000        0xc GPIO/Src/MCAL_GPIO.o
 .group         0x0000000000000000        0xc GPIO/Src/MCAL_GPIO.o
 .group         0x0000000000000000        0xc GPIO/Src/MCAL_GPIO.o
 .group         0x0000000000000000        0xc GPIO/Src/MCAL_GPIO.o
 .group         0x0000000000000000        0xc GPIO/Src/MCAL_GPIO.o
 .group         0x0000000000000000        0xc GPIO/Src/MCAL_GPIO.o
 .group         0x0000000000000000        0xc GPIO/Src/MCAL_GPIO.o
 .group         0x0000000000000000        0xc GPIO/Src/MCAL_GPIO.o
 .group         0x0000000000000000        0xc GPIO/Src/MCAL_GPIO.o
 .group         0x0000000000000000        0xc GPIO/Src/MCAL_GPIO.o
 .group         0x0000000000000000        0xc GPIO/Src/MCAL_GPIO.o
 .group         0x0000000000000000        0xc GPIO/Src/MCAL_GPIO.o
 .group         0x0000000000000000        0xc GPIO/Src/MCAL_GPIO.o
 .group         0x0000000000000000        0xc GPIO/Src/MCAL_GPIO.o
 .group         0x0000000000000000        0xc GPIO/Src/MCAL_GPIO.o
 .group         0x0000000000000000        0xc GPIO/Src/MCAL_GPIO.o
 .group         0x0000000000000000        0xc GPIO/Src/MCAL_GPIO.o
 .group         0x0000000000000000        0xc GPIO/Src/MCAL_GPIO.o
 .group         0x0000000000000000        0xc GPIO/Src/MCAL_GPIO.o
 .group         0x0000000000000000        0xc GPIO/Src/MCAL_GPIO.o
 .group         0x0000000000000000        0xc GPIO/Src/MCAL_GPIO.o
 .group         0x0000000000000000        0xc GPIO/Src/MCAL_GPIO.o
 .group         0x0000000000000000        0xc GPIO/Src/MCAL_GPIO.o
 .text          0x0000000000000000        0x0 GPIO/Src/MCAL_GPIO.o
 .data          0x0000000000000000        0x0 GPIO/Src/MCAL_GPIO.o
 .bss           0x0000000000000000        0x0 GPIO/Src/MCAL_GPIO.o
 .text.MCAL_GPIO_DeInit
                0x0000000000000000       0xd4 GPIO/Src/MCAL_GPIO.o
 .text.MCAL_GPIO_ReadPort
                0x0000000000000000       0x1a GPIO/Src/MCAL_GPIO.o
 .text.MCAL_GPIO_TogglePin
                0x0000000000000000       0x22 GPIO/Src/MCAL_GPIO.o
 .text.MCAL_GPIO_LockPin
                0x0000000000000000       0x42 GPIO/Src/MCAL_GPIO.o
 .group         0x0000000000000000        0xc KEYPAD/Src/HAL_KEYPAD.o
 .group         0x0000000000000000        0xc KEYPAD/Src/HAL_KEYPAD.o
 .group         0x0000000000000000        0xc KEYPAD/Src/HAL_KEYPAD.o
 .group         0x0000000000000000        0xc KEYPAD/Src/HAL_KEYPAD.o
 .group         0x0000000000000000        0xc KEYPAD/Src/HAL_KEYPAD.o
 .group         0x0000000000000000        0xc KEYPAD/Src/HAL_KEYPAD.o
 .group         0x0000000000000000        0xc KEYPAD/Src/HAL_KEYPAD.o
 .group         0x0000000000000000        0xc KEYPAD/Src/HAL_KEYPAD.o
 .group         0x0000000000000000        0xc KEYPAD/Src/HAL_KEYPAD.o
 .group         0x0000000000000000        0xc KEYPAD/Src/HAL_KEYPAD.o
 .group         0x0000000000000000        0xc KEYPAD/Src/HAL_KEYPAD.o
 .group         0x0000000000000000        0xc KEYPAD/Src/HAL_KEYPAD.o
 .group         0x0000000000000000        0xc KEYPAD/Src/HAL_KEYPAD.o
 .group         0x0000000000000000        0xc KEYPAD/Src/HAL_KEYPAD.o
 .group         0x0000000000000000        0xc KEYPAD/Src/HAL_KEYPAD.o
 .group         0x0000000000000000        0xc KEYPAD/Src/HAL_KEYPAD.o
 .group         0x0000000000000000        0xc KEYPAD/Src/HAL_KEYPAD.o
 .group         0x0000000000000000        0xc KEYPAD/Src/HAL_KEYPAD.o
 .group         0x0000000000000000        0xc KEYPAD/Src/HAL_KEYPAD.o
 .group         0x0000000000000000        0xc KEYPAD/Src/HAL_KEYPAD.o
 .group         0x0000000000000000        0xc KEYPAD/Src/HAL_KEYPAD.o
 .group         0x0000000000000000        0xc KEYPAD/Src/HAL_KEYPAD.o
 .group         0x0000000000000000        0xc KEYPAD/Src/HAL_KEYPAD.o
 .group         0x0000000000000000        0xc KEYPAD/Src/HAL_KEYPAD.o
 .group         0x0000000000000000        0xc KEYPAD/Src/HAL_KEYPAD.o
 .text          0x0000000000000000        0x0 KEYPAD/Src/HAL_KEYPAD.o
 .data          0x0000000000000000        0x0 KEYPAD/Src/HAL_KEYPAD.o
 .bss           0x0000000000000000        0x0 KEYPAD/Src/HAL_KEYPAD.o
 .debug_macro   0x0000000000000000      0xa60 KEYPAD/Src/HAL_KEYPAD.o
 .debug_macro   0x0000000000000000       0x22 KEYPAD/Src/HAL_KEYPAD.o
 .debug_macro   0x0000000000000000       0xef KEYPAD/Src/HAL_KEYPAD.o
 .debug_macro   0x0000000000000000       0x6a KEYPAD/Src/HAL_KEYPAD.o
 .debug_macro   0x0000000000000000      0x1df KEYPAD/Src/HAL_KEYPAD.o
 .debug_macro   0x0000000000000000       0x18 KEYPAD/Src/HAL_KEYPAD.o
 .debug_macro   0x0000000000000000       0x3c KEYPAD/Src/HAL_KEYPAD.o
 .debug_macro   0x0000000000000000       0x34 KEYPAD/Src/HAL_KEYPAD.o
 .debug_macro   0x0000000000000000       0x16 KEYPAD/Src/HAL_KEYPAD.o
 .debug_macro   0x0000000000000000      0x10e KEYPAD/Src/HAL_KEYPAD.o
 .debug_macro   0x0000000000000000       0x8d KEYPAD/Src/HAL_KEYPAD.o
 .debug_macro   0x0000000000000000       0x52 KEYPAD/Src/HAL_KEYPAD.o
 .debug_macro   0x0000000000000000       0x1f KEYPAD/Src/HAL_KEYPAD.o
 .debug_macro   0x0000000000000000       0x43 KEYPAD/Src/HAL_KEYPAD.o
 .debug_macro   0x0000000000000000       0x20 KEYPAD/Src/HAL_KEYPAD.o
 .debug_macro   0x0000000000000000      0x1a3 KEYPAD/Src/HAL_KEYPAD.o
 .debug_macro   0x0000000000000000      0x330 KEYPAD/Src/HAL_KEYPAD.o
 .debug_macro   0x0000000000000000       0x16 KEYPAD/Src/HAL_KEYPAD.o
 .debug_macro   0x0000000000000000       0x29 KEYPAD/Src/HAL_KEYPAD.o
 .debug_macro   0x0000000000000000       0xb4 KEYPAD/Src/HAL_KEYPAD.o
 .debug_macro   0x0000000000000000       0xca KEYPAD/Src/HAL_KEYPAD.o
 .group         0x0000000000000000        0xc LCD/Src/HAL_LCD.o
 .group         0x0000000000000000        0xc LCD/Src/HAL_LCD.o
 .group         0x0000000000000000        0xc LCD/Src/HAL_LCD.o
 .group         0x0000000000000000        0xc LCD/Src/HAL_LCD.o
 .group         0x0000000000000000        0xc LCD/Src/HAL_LCD.o
 .group         0x0000000000000000        0xc LCD/Src/HAL_LCD.o
 .group         0x0000000000000000        0xc LCD/Src/HAL_LCD.o
 .group         0x0000000000000000        0xc LCD/Src/HAL_LCD.o
 .group         0x0000000000000000        0xc LCD/Src/HAL_LCD.o
 .group         0x0000000000000000        0xc LCD/Src/HAL_LCD.o
 .group         0x0000000000000000        0xc LCD/Src/HAL_LCD.o
 .group         0x0000000000000000        0xc LCD/Src/HAL_LCD.o
 .group         0x0000000000000000        0xc LCD/Src/HAL_LCD.o
 .group         0x0000000000000000        0xc LCD/Src/HAL_LCD.o
 .group         0x0000000000000000        0xc LCD/Src/HAL_LCD.o
 .group         0x0000000000000000        0xc LCD/Src/HAL_LCD.o
 .group         0x0000000000000000        0xc LCD/Src/HAL_LCD.o
 .group         0x0000000000000000        0xc LCD/Src/HAL_LCD.o
 .group         0x0000000000000000        0xc LCD/Src/HAL_LCD.o
 .group         0x0000000000000000        0xc LCD/Src/HAL_LCD.o
 .group         0x0000000000000000        0xc LCD/Src/HAL_LCD.o
 .group         0x0000000000000000        0xc LCD/Src/HAL_LCD.o
 .group         0x0000000000000000        0xc LCD/Src/HAL_LCD.o
 .group         0x0000000000000000        0xc LCD/Src/HAL_LCD.o
 .group         0x0000000000000000        0xc LCD/Src/HAL_LCD.o
 .group         0x0000000000000000        0xc LCD/Src/HAL_LCD.o
 .text          0x0000000000000000        0x0 LCD/Src/HAL_LCD.o
 .data          0x0000000000000000        0x0 LCD/Src/HAL_LCD.o
 .bss           0x0000000000000000        0x0 LCD/Src/HAL_LCD.o
 .text.HAL_LCD_Send_Number
                0x0000000000000000       0x98 LCD/Src/HAL_LCD.o
 .text.HAL_LCD_Special_Character
                0x0000000000000000       0x66 LCD/Src/HAL_LCD.o
 .debug_macro   0x0000000000000000      0xa60 LCD/Src/HAL_LCD.o
 .debug_macro   0x0000000000000000       0x18 LCD/Src/HAL_LCD.o
 .debug_macro   0x0000000000000000       0x22 LCD/Src/HAL_LCD.o
 .debug_macro   0x0000000000000000       0x40 LCD/Src/HAL_LCD.o
 .debug_macro   0x0000000000000000       0x94 LCD/Src/HAL_LCD.o
 .debug_macro   0x0000000000000000       0x3c LCD/Src/HAL_LCD.o
 .debug_macro   0x0000000000000000       0x34 LCD/Src/HAL_LCD.o
 .debug_macro   0x0000000000000000       0x16 LCD/Src/HAL_LCD.o
 .debug_macro   0x0000000000000000      0x10e LCD/Src/HAL_LCD.o
 .debug_macro   0x0000000000000000       0x8d LCD/Src/HAL_LCD.o
 .debug_macro   0x0000000000000000       0x57 LCD/Src/HAL_LCD.o
 .debug_macro   0x0000000000000000       0x52 LCD/Src/HAL_LCD.o
 .debug_macro   0x0000000000000000       0x1f LCD/Src/HAL_LCD.o
 .debug_macro   0x0000000000000000       0x43 LCD/Src/HAL_LCD.o
 .debug_macro   0x0000000000000000       0x20 LCD/Src/HAL_LCD.o
 .debug_macro   0x0000000000000000      0x1a3 LCD/Src/HAL_LCD.o
 .debug_macro   0x0000000000000000      0x330 LCD/Src/HAL_LCD.o
 .debug_macro   0x0000000000000000       0x16 LCD/Src/HAL_LCD.o
 .debug_macro   0x0000000000000000       0x29 LCD/Src/HAL_LCD.o
 .debug_macro   0x0000000000000000       0xef LCD/Src/HAL_LCD.o
 .debug_macro   0x0000000000000000       0x6a LCD/Src/HAL_LCD.o
 .debug_macro   0x0000000000000000      0x1df LCD/Src/HAL_LCD.o
 .debug_macro   0x0000000000000000       0xb4 LCD/Src/HAL_LCD.o
 .debug_macro   0x0000000000000000       0xca LCD/Src/HAL_LCD.o
 .group         0x0000000000000000        0xc Src/main.o
 .group         0x0000000000000000        0xc Src/main.o
 .group         0x0000000000000000        0xc Src/main.o
 .group         0x0000000000000000        0xc Src/main.o
 .group         0x0000000000000000        0xc Src/main.o
 .group         0x0000000000000000        0xc Src/main.o
 .group         0x0000000000000000        0xc Src/main.o
 .group         0x0000000000000000        0xc Src/main.o
 .group         0x0000000000000000        0xc Src/main.o
 .group         0x0000000000000000        0xc Src/main.o
 .group         0x0000000000000000        0xc Src/main.o
 .group         0x0000000000000000        0xc Src/main.o
 .group         0x0000000000000000        0xc Src/main.o
 .group         0x0000000000000000        0xc Src/main.o
 .group         0x0000000000000000        0xc Src/main.o
 .group         0x0000000000000000        0xc Src/main.o
 .group         0x0000000000000000        0xc Src/main.o
 .group         0x0000000000000000        0xc Src/main.o
 .group         0x0000000000000000        0xc Src/main.o
 .group         0x0000000000000000        0xc Src/main.o
 .group         0x0000000000000000        0xc Src/main.o
 .group         0x0000000000000000        0xc Src/main.o
 .group         0x0000000000000000        0xc Src/main.o
 .group         0x0000000000000000        0xc Src/main.o
 .group         0x0000000000000000        0xc Src/main.o
 .group         0x0000000000000000        0xc Src/main.o
 .text          0x0000000000000000        0x0 Src/main.o
 .data          0x0000000000000000        0x0 Src/main.o
 .bss           0x0000000000000000        0x0 Src/main.o
 .debug_macro   0x0000000000000000      0xa60 Src/main.o
 .debug_macro   0x0000000000000000       0x18 Src/main.o
 .debug_macro   0x0000000000000000       0x22 Src/main.o
 .debug_macro   0x0000000000000000       0x40 Src/main.o
 .debug_macro   0x0000000000000000       0x94 Src/main.o
 .debug_macro   0x0000000000000000       0x3c Src/main.o
 .debug_macro   0x0000000000000000       0x34 Src/main.o
 .debug_macro   0x0000000000000000       0x16 Src/main.o
 .debug_macro   0x0000000000000000      0x10e Src/main.o
 .debug_macro   0x0000000000000000       0x8d Src/main.o
 .debug_macro   0x0000000000000000       0x57 Src/main.o
 .debug_macro   0x0000000000000000       0x52 Src/main.o
 .debug_macro   0x0000000000000000       0x1f Src/main.o
 .debug_macro   0x0000000000000000       0x43 Src/main.o
 .debug_macro   0x0000000000000000       0x20 Src/main.o
 .debug_macro   0x0000000000000000      0x1a3 Src/main.o
 .debug_macro   0x0000000000000000      0x330 Src/main.o
 .debug_macro   0x0000000000000000       0x16 Src/main.o
 .debug_macro   0x0000000000000000       0x29 Src/main.o
 .debug_macro   0x0000000000000000       0xef Src/main.o
 .debug_macro   0x0000000000000000       0x6a Src/main.o
 .debug_macro   0x0000000000000000      0x1df Src/main.o
 .debug_macro   0x0000000000000000       0xb4 Src/main.o
 .debug_macro   0x0000000000000000       0xca Src/main.o
 .debug_macro   0x0000000000000000       0x3a Src/main.o
 .group         0x0000000000000000        0xc Src/syscalls.o
 .group         0x0000000000000000        0xc Src/syscalls.o
 .group         0x0000000000000000        0xc Src/syscalls.o
 .group         0x0000000000000000        0xc Src/syscalls.o
 .group         0x0000000000000000        0xc Src/syscalls.o
 .group         0x0000000000000000        0xc Src/syscalls.o
 .group         0x0000000000000000        0xc Src/syscalls.o
 .group         0x0000000000000000        0xc Src/syscalls.o
 .group         0x0000000000000000        0xc Src/syscalls.o
 .group         0x0000000000000000        0xc Src/syscalls.o
 .group         0x0000000000000000        0xc Src/syscalls.o
 .group         0x0000000000000000        0xc Src/syscalls.o
 .group         0x0000000000000000        0xc Src/syscalls.o
 .group         0x0000000000000000        0xc Src/syscalls.o
 .group         0x0000000000000000        0xc Src/syscalls.o
 .group         0x0000000000000000        0xc Src/syscalls.o
 .group         0x0000000000000000        0xc Src/syscalls.o
 .group         0x0000000000000000        0xc Src/syscalls.o
 .group         0x0000000000000000        0xc Src/syscalls.o
 .group         0x0000000000000000        0xc Src/syscalls.o
 .group         0x0000000000000000        0xc Src/syscalls.o
 .group         0x0000000000000000        0xc Src/syscalls.o
 .group         0x0000000000000000        0xc Src/syscalls.o
 .group         0x0000000000000000        0xc Src/syscalls.o
 .group         0x0000000000000000        0xc Src/syscalls.o
 .group         0x0000000000000000        0xc Src/syscalls.o
 .group         0x0000000000000000        0xc Src/syscalls.o
 .group         0x0000000000000000        0xc Src/syscalls.o
 .group         0x0000000000000000        0xc Src/syscalls.o
 .group         0x0000000000000000        0xc Src/syscalls.o
 .group         0x0000000000000000        0xc Src/syscalls.o
 .group         0x0000000000000000        0xc Src/syscalls.o
 .group         0x0000000000000000        0xc Src/syscalls.o
 .group         0x0000000000000000        0xc Src/syscalls.o
 .group         0x0000000000000000        0xc Src/syscalls.o
 .group         0x0000000000000000        0xc Src/syscalls.o
 .group         0x0000000000000000        0xc Src/syscalls.o
 .group         0x0000000000000000        0xc Src/syscalls.o
 .group         0x0000000000000000        0xc Src/syscalls.o
 .group         0x0000000000000000        0xc Src/syscalls.o
 .group         0x0000000000000000        0xc Src/syscalls.o
 .group         0x0000000000000000        0xc Src/syscalls.o
 .group         0x0000000000000000        0xc Src/syscalls.o
 .group         0x0000000000000000        0xc Src/syscalls.o
 .text          0x0000000000000000        0x0 Src/syscalls.o
 .data          0x0000000000000000        0x0 Src/syscalls.o
 .bss           0x0000000000000000        0x0 Src/syscalls.o
 .bss.__env     0x0000000000000000        0x4 Src/syscalls.o
 .data.environ  0x0000000000000000        0x4 Src/syscalls.o
 .text.initialise_monitor_handles
                0x0000000000000000        0xc Src/syscalls.o
 .text._getpid  0x0000000000000000        0xe Src/syscalls.o
 .text._kill    0x0000000000000000       0x20 Src/syscalls.o
 .text._exit    0x0000000000000000       0x14 Src/syscalls.o
 .text._read    0x0000000000000000       0x3a Src/syscalls.o
 .text._write   0x0000000000000000       0x38 Src/syscalls.o
 .text._close   0x0000000000000000       0x16 Src/syscalls.o
 .text._fstat   0x0000000000000000       0x1e Src/syscalls.o
 .text._isatty  0x0000000000000000       0x14 Src/syscalls.o
 .text._lseek   0x0000000000000000       0x18 Src/syscalls.o
 .text._open    0x0000000000000000       0x1a Src/syscalls.o
 .text._wait    0x0000000000000000       0x1e Src/syscalls.o
 .text._unlink  0x0000000000000000       0x1e Src/syscalls.o
 .text._times   0x0000000000000000       0x16 Src/syscalls.o
 .text._stat    0x0000000000000000       0x1e Src/syscalls.o
 .text._link    0x0000000000000000       0x20 Src/syscalls.o
 .text._fork    0x0000000000000000       0x16 Src/syscalls.o
 .text._execve  0x0000000000000000       0x22 Src/syscalls.o
 .debug_info    0x0000000000000000     0x1038 Src/syscalls.o
 .debug_abbrev  0x0000000000000000      0x254 Src/syscalls.o
 .debug_loc     0x0000000000000000      0x5b8 Src/syscalls.o
 .debug_aranges
                0x0000000000000000       0xa8 Src/syscalls.o
 .debug_ranges  0x0000000000000000       0x98 Src/syscalls.o
 .debug_macro   0x0000000000000000      0x243 Src/syscalls.o
 .debug_macro   0x0000000000000000      0xa60 Src/syscalls.o
 .debug_macro   0x0000000000000000       0x22 Src/syscalls.o
 .debug_macro   0x0000000000000000       0x40 Src/syscalls.o
 .debug_macro   0x0000000000000000       0x18 Src/syscalls.o
 .debug_macro   0x0000000000000000       0x94 Src/syscalls.o
 .debug_macro   0x0000000000000000       0x3c Src/syscalls.o
 .debug_macro   0x0000000000000000       0x34 Src/syscalls.o
 .debug_macro   0x0000000000000000       0x57 Src/syscalls.o
 .debug_macro   0x0000000000000000      0x174 Src/syscalls.o
 .debug_macro   0x0000000000000000      0x330 Src/syscalls.o
 .debug_macro   0x0000000000000000       0x52 Src/syscalls.o
 .debug_macro   0x0000000000000000       0x1f Src/syscalls.o
 .debug_macro   0x0000000000000000       0x43 Src/syscalls.o
 .debug_macro   0x0000000000000000       0x20 Src/syscalls.o
 .debug_macro   0x0000000000000000      0x1a3 Src/syscalls.o
 .debug_macro   0x0000000000000000       0x10 Src/syscalls.o
 .debug_macro   0x0000000000000000       0x35 Src/syscalls.o
 .debug_macro   0x0000000000000000       0x10 Src/syscalls.o
 .debug_macro   0x0000000000000000       0x10 Src/syscalls.o
 .debug_macro   0x0000000000000000       0x10 Src/syscalls.o
 .debug_macro   0x0000000000000000       0x6a Src/syscalls.o
 .debug_macro   0x0000000000000000       0x1c Src/syscalls.o
 .debug_macro   0x0000000000000000       0x52 Src/syscalls.o
 .debug_macro   0x0000000000000000       0x40 Src/syscalls.o
 .debug_macro   0x0000000000000000       0x10 Src/syscalls.o
 .debug_macro   0x0000000000000000       0x40 Src/syscalls.o
 .debug_macro   0x0000000000000000       0xd7 Src/syscalls.o
 .debug_macro   0x0000000000000000       0x1c Src/syscalls.o
 .debug_macro   0x0000000000000000       0x3d Src/syscalls.o
 .debug_macro   0x0000000000000000       0x35 Src/syscalls.o
 .debug_macro   0x0000000000000000      0x122 Src/syscalls.o
 .debug_macro   0x0000000000000000       0x16 Src/syscalls.o
 .debug_macro   0x0000000000000000       0x16 Src/syscalls.o
 .debug_macro   0x0000000000000000       0x29 Src/syscalls.o
 .debug_macro   0x0000000000000000       0x10 Src/syscalls.o
 .debug_macro   0x0000000000000000      0x241 Src/syscalls.o
 .debug_macro   0x0000000000000000       0x1c Src/syscalls.o
 .debug_macro   0x0000000000000000       0x10 Src/syscalls.o
 .debug_macro   0x0000000000000000       0x10 Src/syscalls.o
 .debug_macro   0x0000000000000000       0x16 Src/syscalls.o
 .debug_macro   0x0000000000000000      0x145 Src/syscalls.o
 .debug_macro   0x0000000000000000      0x189 Src/syscalls.o
 .debug_macro   0x0000000000000000       0x16 Src/syscalls.o
 .debug_macro   0x0000000000000000       0x88 Src/syscalls.o
 .debug_line    0x0000000000000000      0x739 Src/syscalls.o
 .debug_str     0x0000000000000000     0x8894 Src/syscalls.o
 .comment       0x0000000000000000       0x7c Src/syscalls.o
 .debug_frame   0x0000000000000000      0x2ac Src/syscalls.o
 .ARM.attributes
                0x0000000000000000       0x33 Src/syscalls.o
 .group         0x0000000000000000        0xc Src/sysmem.o
 .group         0x0000000000000000        0xc Src/sysmem.o
 .group         0x0000000000000000        0xc Src/sysmem.o
 .group         0x0000000000000000        0xc Src/sysmem.o
 .group         0x0000000000000000        0xc Src/sysmem.o
 .group         0x0000000000000000        0xc Src/sysmem.o
 .group         0x0000000000000000        0xc Src/sysmem.o
 .group         0x0000000000000000        0xc Src/sysmem.o
 .group         0x0000000000000000        0xc Src/sysmem.o
 .group         0x0000000000000000        0xc Src/sysmem.o
 .group         0x0000000000000000        0xc Src/sysmem.o
 .group         0x0000000000000000        0xc Src/sysmem.o
 .group         0x0000000000000000        0xc Src/sysmem.o
 .group         0x0000000000000000        0xc Src/sysmem.o
 .group         0x0000000000000000        0xc Src/sysmem.o
 .group         0x0000000000000000        0xc Src/sysmem.o
 .group         0x0000000000000000        0xc Src/sysmem.o
 .group         0x0000000000000000        0xc Src/sysmem.o
 .group         0x0000000000000000        0xc Src/sysmem.o
 .text          0x0000000000000000        0x0 Src/sysmem.o
 .data          0x0000000000000000        0x0 Src/sysmem.o
 .bss           0x0000000000000000        0x0 Src/sysmem.o
 .bss.__sbrk_heap_end
                0x0000000000000000        0x4 Src/sysmem.o
 .text._sbrk    0x0000000000000000       0x6c Src/sysmem.o
 .debug_info    0x0000000000000000      0xa7c Src/sysmem.o
 .debug_abbrev  0x0000000000000000      0x18e Src/sysmem.o
 .debug_loc     0x0000000000000000       0x50 Src/sysmem.o
 .debug_aranges
                0x0000000000000000       0x20 Src/sysmem.o
 .debug_ranges  0x0000000000000000       0x10 Src/sysmem.o
 .debug_macro   0x0000000000000000       0xee Src/sysmem.o
 .debug_macro   0x0000000000000000      0xa60 Src/sysmem.o
 .debug_macro   0x0000000000000000       0x10 Src/sysmem.o
 .debug_macro   0x0000000000000000       0x22 Src/sysmem.o
 .debug_macro   0x0000000000000000       0x40 Src/sysmem.o
 .debug_macro   0x0000000000000000       0x18 Src/sysmem.o
 .debug_macro   0x0000000000000000       0x94 Src/sysmem.o
 .debug_macro   0x0000000000000000       0x3c Src/sysmem.o
 .debug_macro   0x0000000000000000       0x34 Src/sysmem.o
 .debug_macro   0x0000000000000000      0x174 Src/sysmem.o
 .debug_macro   0x0000000000000000       0x57 Src/sysmem.o
 .debug_macro   0x0000000000000000       0x52 Src/sysmem.o
 .debug_macro   0x0000000000000000       0x1f Src/sysmem.o
 .debug_macro   0x0000000000000000       0x43 Src/sysmem.o
 .debug_macro   0x0000000000000000       0x20 Src/sysmem.o
 .debug_macro   0x0000000000000000      0x1a3 Src/sysmem.o
 .debug_macro   0x0000000000000000      0x23b Src/sysmem.o
 .debug_macro   0x0000000000000000       0xef Src/sysmem.o
 .debug_macro   0x0000000000000000       0x6a Src/sysmem.o
 .debug_macro   0x0000000000000000      0x1df Src/sysmem.o
 .debug_line    0x0000000000000000      0x4c2 Src/sysmem.o
 .debug_str     0x0000000000000000     0x5f62 Src/sysmem.o
 .comment       0x0000000000000000       0x7c Src/sysmem.o
 .debug_frame   0x0000000000000000       0x34 Src/sysmem.o
 .ARM.attributes
                0x0000000000000000       0x33 Src/sysmem.o
 .text          0x0000000000000000       0x14 Startup/startup_stm32f103c6tx.o
 .data          0x0000000000000000        0x0 Startup/startup_stm32f103c6tx.o
 .bss           0x0000000000000000        0x0 Startup/startup_stm32f103c6tx.o
 .text          0x0000000000000000        0x0 c:/st/stm32cubeide_1.4.0/stm32cubeide/plugins/com.st.stm32cube.ide.mcu.externaltools.gnu-tools-for-stm32.7-2018-q2-update.win32_1.4.0.202007081208/tools/bin/../lib/gcc/arm-none-eabi/7.3.1/../../../../arm-none-eabi/lib/thumb/v7-m\libc_nano.a(lib_a-errno.o)
 .data          0x0000000000000000        0x0 c:/st/stm32cubeide_1.4.0/stm32cubeide/plugins/com.st.stm32cube.ide.mcu.externaltools.gnu-tools-for-stm32.7-2018-q2-update.win32_1.4.0.202007081208/tools/bin/../lib/gcc/arm-none-eabi/7.3.1/../../../../arm-none-eabi/lib/thumb/v7-m\libc_nano.a(lib_a-errno.o)
 .bss           0x0000000000000000        0x0 c:/st/stm32cubeide_1.4.0/stm32cubeide/plugins/com.st.stm32cube.ide.mcu.externaltools.gnu-tools-for-stm32.7-2018-q2-update.win32_1.4.0.202007081208/tools/bin/../lib/gcc/arm-none-eabi/7.3.1/../../../../arm-none-eabi/lib/thumb/v7-m\libc_nano.a(lib_a-errno.o)
 .text.__errno  0x0000000000000000        0xc c:/st/stm32cubeide_1.4.0/stm32cubeide/plugins/com.st.stm32cube.ide.mcu.externaltools.gnu-tools-for-stm32.7-2018-q2-update.win32_1.4.0.202007081208/tools/bin/../lib/gcc/arm-none-eabi/7.3.1/../../../../arm-none-eabi/lib/thumb/v7-m\libc_nano.a(lib_a-errno.o)
 .debug_frame   0x0000000000000000       0x20 c:/st/stm32cubeide_1.4.0/stm32cubeide/plugins/com.st.stm32cube.ide.mcu.externaltools.gnu-tools-for-stm32.7-2018-q2-update.win32_1.4.0.202007081208/tools/bin/../lib/gcc/arm-none-eabi/7.3.1/../../../../arm-none-eabi/lib/thumb/v7-m\libc_nano.a(lib_a-errno.o)
 .ARM.attributes
                0x0000000000000000       0x2d c:/st/stm32cubeide_1.4.0/stm32cubeide/plugins/com.st.stm32cube.ide.mcu.externaltools.gnu-tools-for-stm32.7-2018-q2-update.win32_1.4.0.202007081208/tools/bin/../lib/gcc/arm-none-eabi/7.3.1/../../../../arm-none-eabi/lib/thumb/v7-m\libc_nano.a(lib_a-errno.o)
 .text          0x0000000000000000        0x0 c:/st/stm32cubeide_1.4.0/stm32cubeide/plugins/com.st.stm32cube.ide.mcu.externaltools.gnu-tools-for-stm32.7-2018-q2-update.win32_1.4.0.202007081208/tools/bin/../lib/gcc/arm-none-eabi/7.3.1/../../../../arm-none-eabi/lib/thumb/v7-m\libc_nano.a(lib_a-exit.o)
 .data          0x0000000000000000        0x0 c:/st/stm32cubeide_1.4.0/stm32cubeide/plugins/com.st.stm32cube.ide.mcu.externaltools.gnu-tools-for-stm32.7-2018-q2-update.win32_1.4.0.202007081208/tools/bin/../lib/gcc/arm-none-eabi/7.3.1/../../../../arm-none-eabi/lib/thumb/v7-m\libc_nano.a(lib_a-exit.o)
 .bss           0x0000000000000000        0x0 c:/st/stm32cubeide_1.4.0/stm32cubeide/plugins/com.st.stm32cube.ide.mcu.externaltools.gnu-tools-for-stm32.7-2018-q2-update.win32_1.4.0.202007081208/tools/bin/../lib/gcc/arm-none-eabi/7.3.1/../../../../arm-none-eabi/lib/thumb/v7-m\libc_nano.a(lib_a-exit.o)
 .text.exit     0x0000000000000000       0x28 c:/st/stm32cubeide_1.4.0/stm32cubeide/plugins/com.st.stm32cube.ide.mcu.externaltools.gnu-tools-for-stm32.7-2018-q2-update.win32_1.4.0.202007081208/tools/bin/../lib/gcc/arm-none-eabi/7.3.1/../../../../arm-none-eabi/lib/thumb/v7-m\libc_nano.a(lib_a-exit.o)
 .debug_frame   0x0000000000000000       0x28 c:/st/stm32cubeide_1.4.0/stm32cubeide/plugins/com.st.stm32cube.ide.mcu.externaltools.gnu-tools-for-stm32.7-2018-q2-update.win32_1.4.0.202007081208/tools/bin/../lib/gcc/arm-none-eabi/7.3.1/../../../../arm-none-eabi/lib/thumb/v7-m\libc_nano.a(lib_a-exit.o)
 .ARM.attributes
                0x0000000000000000       0x2d c:/st/stm32cubeide_1.4.0/stm32cubeide/plugins/com.st.stm32cube.ide.mcu.externaltools.gnu-tools-for-stm32.7-2018-q2-update.win32_1.4.0.202007081208/tools/bin/../lib/gcc/arm-none-eabi/7.3.1/../../../../arm-none-eabi/lib/thumb/v7-m\libc_nano.a(lib_a-exit.o)
 .text          0x0000000000000000        0x0 c:/st/stm32cubeide_1.4.0/stm32cubeide/plugins/com.st.stm32cube.ide.mcu.externaltools.gnu-tools-for-stm32.7-2018-q2-update.win32_1.4.0.202007081208/tools/bin/../lib/gcc/arm-none-eabi/7.3.1/../../../../arm-none-eabi/lib/thumb/v7-m\libc_nano.a(lib_a-impure.o)
 .data          0x0000000000000000        0x0 c:/st/stm32cubeide_1.4.0/stm32cubeide/plugins/com.st.stm32cube.ide.mcu.externaltools.gnu-tools-for-stm32.7-2018-q2-update.win32_1.4.0.202007081208/tools/bin/../lib/gcc/arm-none-eabi/7.3.1/../../../../arm-none-eabi/lib/thumb/v7-m\libc_nano.a(lib_a-impure.o)
 .bss           0x0000000000000000        0x0 c:/st/stm32cubeide_1.4.0/stm32cubeide/plugins/com.st.stm32cube.ide.mcu.externaltools.gnu-tools-for-stm32.7-2018-q2-update.win32_1.4.0.202007081208/tools/bin/../lib/gcc/arm-none-eabi/7.3.1/../../../../arm-none-eabi/lib/thumb/v7-m\libc_nano.a(lib_a-impure.o)
 .data._impure_ptr
                0x0000000000000000        0x4 c:/st/stm32cubeide_1.4.0/stm32cubeide/plugins/com.st.stm32cube.ide.mcu.externaltools.gnu-tools-for-stm32.7-2018-q2-update.win32_1.4.0.202007081208/tools/bin/../lib/gcc/arm-none-eabi/7.3.1/../../../../arm-none-eabi/lib/thumb/v7-m\libc_nano.a(lib_a-impure.o)
 .data.impure_data
                0x0000000000000000       0x60 c:/st/stm32cubeide_1.4.0/stm32cubeide/plugins/com.st.stm32cube.ide.mcu.externaltools.gnu-tools-for-stm32.7-2018-q2-update.win32_1.4.0.202007081208/tools/bin/../lib/gcc/arm-none-eabi/7.3.1/../../../../arm-none-eabi/lib/thumb/v7-m\libc_nano.a(lib_a-impure.o)
 .rodata._global_impure_ptr
                0x0000000000000000        0x4 c:/st/stm32cubeide_1.4.0/stm32cubeide/plugins/com.st.stm32cube.ide.mcu.externaltools.gnu-tools-for-stm32.7-2018-q2-update.win32_1.4.0.202007081208/tools/bin/../lib/gcc/arm-none-eabi/7.3.1/../../../../arm-none-eabi/lib/thumb/v7-m\libc_nano.a(lib_a-impure.o)
 .ARM.attributes
                0x0000000000000000       0x2d c:/st/stm32cubeide_1.4.0/stm32cubeide/plugins/com.st.stm32cube.ide.mcu.externaltools.gnu-tools-for-stm32.7-2018-q2-update.win32_1.4.0.202007081208/tools/bin/../lib/gcc/arm-none-eabi/7.3.1/../../../../arm-none-eabi/lib/thumb/v7-m\libc_nano.a(lib_a-impure.o)
 .text          0x0000000000000000        0x0 c:/st/stm32cubeide_1.4.0/stm32cubeide/plugins/com.st.stm32cube.ide.mcu.externaltools.gnu-tools-for-stm32.7-2018-q2-update.win32_1.4.0.202007081208/tools/bin/../lib/gcc/arm-none-eabi/7.3.1/../../../../arm-none-eabi/lib/thumb/v7-m\libc_nano.a(lib_a-init.o)
 .data          0x0000000000000000        0x0 c:/st/stm32cubeide_1.4.0/stm32cubeide/plugins/com.st.stm32cube.ide.mcu.externaltools.gnu-tools-for-stm32.7-2018-q2-update.win32_1.4.0.202007081208/tools/bin/../lib/gcc/arm-none-eabi/7.3.1/../../../../arm-none-eabi/lib/thumb/v7-m\libc_nano.a(lib_a-init.o)
 .bss           0x0000000000000000        0x0 c:/st/stm32cubeide_1.4.0/stm32cubeide/plugins/com.st.stm32cube.ide.mcu.externaltools.gnu-tools-for-stm32.7-2018-q2-update.win32_1.4.0.202007081208/tools/bin/../lib/gcc/arm-none-eabi/7.3.1/../../../../arm-none-eabi/lib/thumb/v7-m\libc_nano.a(lib_a-init.o)
 .text          0x0000000000000000        0x0 c:/st/stm32cubeide_1.4.0/stm32cubeide/plugins/com.st.stm32cube.ide.mcu.externaltools.gnu-tools-for-stm32.7-2018-q2-update.win32_1.4.0.202007081208/tools/bin/../lib/gcc/arm-none-eabi/7.3.1/../../../../arm-none-eabi/lib/thumb/v7-m\libc_nano.a(lib_a-memset.o)
 .data          0x0000000000000000        0x0 c:/st/stm32cubeide_1.4.0/stm32cubeide/plugins/com.st.stm32cube.ide.mcu.externaltools.gnu-tools-for-stm32.7-2018-q2-update.win32_1.4.0.202007081208/tools/bin/../lib/gcc/arm-none-eabi/7.3.1/../../../../arm-none-eabi/lib/thumb/v7-m\libc_nano.a(lib_a-memset.o)
 .bss           0x0000000000000000        0x0 c:/st/stm32cubeide_1.4.0/stm32cubeide/plugins/com.st.stm32cube.ide.mcu.externaltools.gnu-tools-for-stm32.7-2018-q2-update.win32_1.4.0.202007081208/tools/bin/../lib/gcc/arm-none-eabi/7.3.1/../../../../arm-none-eabi/lib/thumb/v7-m\libc_nano.a(lib_a-memset.o)
 .text.memset   0x0000000000000000       0x10 c:/st/stm32cubeide_1.4.0/stm32cubeide/plugins/com.st.stm32cube.ide.mcu.externaltools.gnu-tools-for-stm32.7-2018-q2-update.win32_1.4.0.202007081208/tools/bin/../lib/gcc/arm-none-eabi/7.3.1/../../../../arm-none-eabi/lib/thumb/v7-m\libc_nano.a(lib_a-memset.o)
 .debug_frame   0x0000000000000000       0x20 c:/st/stm32cubeide_1.4.0/stm32cubeide/plugins/com.st.stm32cube.ide.mcu.externaltools.gnu-tools-for-stm32.7-2018-q2-update.win32_1.4.0.202007081208/tools/bin/../lib/gcc/arm-none-eabi/7.3.1/../../../../arm-none-eabi/lib/thumb/v7-m\libc_nano.a(lib_a-memset.o)
 .ARM.attributes
                0x0000000000000000       0x2d c:/st/stm32cubeide_1.4.0/stm32cubeide/plugins/com.st.stm32cube.ide.mcu.externaltools.gnu-tools-for-stm32.7-2018-q2-update.win32_1.4.0.202007081208/tools/bin/../lib/gcc/arm-none-eabi/7.3.1/../../../../arm-none-eabi/lib/thumb/v7-m\libc_nano.a(lib_a-memset.o)
 .text          0x0000000000000000        0x0 c:/st/stm32cubeide_1.4.0/stm32cubeide/plugins/com.st.stm32cube.ide.mcu.externaltools.gnu-tools-for-stm32.7-2018-q2-update.win32_1.4.0.202007081208/tools/bin/../lib/gcc/arm-none-eabi/7.3.1/thumb/v7-m/crtend.o
 .data          0x0000000000000000        0x0 c:/st/stm32cubeide_1.4.0/stm32cubeide/plugins/com.st.stm32cube.ide.mcu.externaltools.gnu-tools-for-stm32.7-2018-q2-update.win32_1.4.0.202007081208/tools/bin/../lib/gcc/arm-none-eabi/7.3.1/thumb/v7-m/crtend.o
 .bss           0x0000000000000000        0x0 c:/st/stm32cubeide_1.4.0/stm32cubeide/plugins/com.st.stm32cube.ide.mcu.externaltools.gnu-tools-for-stm32.7-2018-q2-update.win32_1.4.0.202007081208/tools/bin/../lib/gcc/arm-none-eabi/7.3.1/thumb/v7-m/crtend.o
 .eh_frame      0x0000000000000000        0x4 c:/st/stm32cubeide_1.4.0/stm32cubeide/plugins/com.st.stm32cube.ide.mcu.externaltools.gnu-tools-for-stm32.7-2018-q2-update.win32_1.4.0.202007081208/tools/bin/../lib/gcc/arm-none-eabi/7.3.1/thumb/v7-m/crtend.o
 .ARM.attributes
                0x0000000000000000       0x2d c:/st/stm32cubeide_1.4.0/stm32cubeide/plugins/com.st.stm32cube.ide.mcu.externaltools.gnu-tools-for-stm32.7-2018-q2-update.win32_1.4.0.202007081208/tools/bin/../lib/gcc/arm-none-eabi/7.3.1/thumb/v7-m/crtend.o
 .text          0x0000000000000000        0x0 c:/st/stm32cubeide_1.4.0/stm32cubeide/plugins/com.st.stm32cube.ide.mcu.externaltools.gnu-tools-for-stm32.7-2018-q2-update.win32_1.4.0.202007081208/tools/bin/../lib/gcc/arm-none-eabi/7.3.1/thumb/v7-m/crtn.o
 .data          0x0000000000000000        0x0 c:/st/stm32cubeide_1.4.0/stm32cubeide/plugins/com.st.stm32cube.ide.mcu.externaltools.gnu-tools-for-stm32.7-2018-q2-update.win32_1.4.0.202007081208/tools/bin/../lib/gcc/arm-none-eabi/7.3.1/thumb/v7-m/crtn.o
 .bss           0x0000000000000000        0x0 c:/st/stm32cubeide_1.4.0/stm32cubeide/plugins/com.st.stm32cube.ide.mcu.externaltools.gnu-tools-for-stm32.7-2018-q2-update.win32_1.4.0.202007081208/tools/bin/../lib/gcc/arm-none-eabi/7.3.1/thumb/v7-m/crtn.o

Memory Configuration

Name             Origin             Length             Attributes
RAM              0x0000000020000000 0x0000000000002800 xrw
ROM              0x0000000008000000 0x0000000000008000 xr
*default*        0x0000000000000000 0xffffffffffffffff

Linker script and memory map

LOAD c:/st/stm32cubeide_1.4.0/stm32cubeide/plugins/com.st.stm32cube.ide.mcu.externaltools.gnu-tools-for-stm32.7-2018-q2-update.win32_1.4.0.202007081208/tools/bin/../lib/gcc/arm-none-eabi/7.3.1/thumb/v7-m/crti.o
LOAD c:/st/stm32cubeide_1.4.0/stm32cubeide/plugins/com.st.stm32cube.ide.mcu.externaltools.gnu-tools-for-stm32.7-2018-q2-update.win32_1.4.0.202007081208/tools/bin/../lib/gcc/arm-none-eabi/7.3.1/thumb/v7-m/crtbegin.o
LOAD c:/st/stm32cubeide_1.4.0/stm32cubeide/plugins/com.st.stm32cube.ide.mcu.externaltools.gnu-tools-for-stm32.7-2018-q2-update.win32_1.4.0.202007081208/tools/bin/../lib/gcc/arm-none-eabi/7.3.1/../../../../arm-none-eabi/lib/thumb/v7-m/crt0.o
LOAD GPIO/Src/MCAL_GPIO.o
LOAD KEYPAD/Src/HAL_KEYPAD.o
LOAD LCD/Src/HAL_LCD.o
LOAD Src/main.o
LOAD Src/syscalls.o
LOAD Src/sysmem.o
LOAD Startup/startup_stm32f103c6tx.o
START GROUP
LOAD c:/st/stm32cubeide_1.4.0/stm32cubeide/plugins/com.st.stm32cube.ide.mcu.externaltools.gnu-tools-for-stm32.7-2018-q2-update.win32_1.4.0.202007081208/tools/bin/../lib/gcc/arm-none-eabi/7.3.1/../../../../arm-none-eabi/lib/thumb/v7-m\libc_nano.a
LOAD c:/st/stm32cubeide_1.4.0/stm32cubeide/plugins/com.st.stm32cube.ide.mcu.externaltools.gnu-tools-for-stm32.7-2018-q2-update.win32_1.4.0.202007081208/tools/bin/../lib/gcc/arm-none-eabi/7.3.1/../../../../arm-none-eabi/lib/thumb/v7-m\libm.a
END GROUP
START GROUP
LOAD c:/st/stm32cubeide_1.4.0/stm32cubeide/plugins/com.st.stm32cube.ide.mcu.externaltools.gnu-tools-for-stm32.7-2018-q2-update.win32_1.4.0.202007081208/tools/bin/../lib/gcc/arm-none-eabi/7.3.1/thumb/v7-m\libgcc.a
LOAD c:/st/stm32cubeide_1.4.0/stm32cubeide/plugins/com.st.stm32cube.ide.mcu.externaltools.gnu-tools-for-stm32.7-2018-q2-update.win32_1.4.0.202007081208/tools/bin/../lib/gcc/arm-none-eabi/7.3.1/../../../../arm-none-eabi/lib/thumb/v7-m\libg_nano.a
LOAD c:/st/stm32cubeide_1.4.0/stm32cubeide/plugins/com.st.stm32cube.ide.mcu.externaltools.gnu-tools-for-stm32.7-2018-q2-update.win32_1.4.0.202007081208/tools/bin/../lib/gcc/arm-none-eabi/7.3.1/../../../../arm-none-eabi/lib/thumb/v7-m\libc_nano.a
END GROUP
START GROUP
LOAD c:/st/stm32cubeide_1.4.0/stm32cubeide/plugins/com.st.stm32cube.ide.mcu.externaltools.gnu-tools-for-stm32.7-2018-q2-update.win32_1.4.0.202007081208/tools/bin/../lib/gcc/arm-none-eabi/7.3.1/thumb/v7-m\libgcc.a
LOAD c:/st/stm32cubeide_1.4.0/stm32cubeide/plugins/com.st.stm32cube.ide.mcu.externaltools.gnu-tools-for-stm32.7-2018-q2-update.win32_1.4.0.202007081208/tools/bin/../lib/gcc/arm-none-eabi/7.3.1/../../../../arm-none-eabi/lib/thumb/v7-m\libc_nano.a
LOAD c:/st/stm32cubeide_1.4.0/stm32cubeide/plugins/com.st.stm32cube.ide.mcu.externaltools.gnu-tools-for-stm32.7-2018-q2-update.win32_1.4.0.202007081208/tools/bin/../lib/gcc/arm-none-eabi/7.3.1/../../../../arm-none-eabi/lib/thumb/v7-m\libnosys.a
END GROUP
START GROUP
LOAD c:/st/stm32cubeide_1.4.0/stm32cubeide/plugins/com.st.stm32cube.ide.mcu.externaltools.gnu-tools-for-stm32.7-2018-q2-update.win32_1.4.0.202007081208/tools/bin/../lib/gcc/arm-none-eabi/7.3.1/thumb/v7-m\libgcc.a
LOAD c:/st/stm32cubeide_1.4.0/stm32cubeide/plugins/com.st.stm32cube.ide.mcu.externaltools.gnu-tools-for-stm32.7-2018-q2-update.win32_1.4.0.202007081208/tools/bin/../lib/gcc/arm-none-eabi/7.3.1/../../../../arm-none-eabi/lib/thumb/v7-m\libc_nano.a
LOAD c:/st/stm32cubeide_1.4.0/stm32cubeide/plugins/com.st.stm32cube.ide.mcu.externaltools.gnu-tools-for-stm32.7-2018-q2-update.win32_1.4.0.202007081208/tools/bin/../lib/gcc/arm-none-eabi/7.3.1/../../../../arm-none-eabi/lib/thumb/v7-m\libnosys.a
END GROUP
LOAD c:/st/stm32cubeide_1.4.0/stm32cubeide/plugins/com.st.stm32cube.ide.mcu.externaltools.gnu-tools-for-stm32.7-2018-q2-update.win32_1.4.0.202007081208/tools/bin/../lib/gcc/arm-none-eabi/7.3.1/thumb/v7-m/crtend.o
LOAD c:/st/stm32cubeide_1.4.0/stm32cubeide/plugins/com.st.stm32cube.ide.mcu.externaltools.gnu-tools-for-stm32.7-2018-q2-update.win32_1.4.0.202007081208/tools/bin/../lib/gcc/arm-none-eabi/7.3.1/thumb/v7-m/crtn.o
                0x0000000020002800                _estack = (ORIGIN (RAM) + LENGTH (RAM))
                0x0000000000000200                _Min_Heap_Size = 0x200
                0x0000000000000400                _Min_Stack_Size = 0x400

.isr_vector     0x0000000008000000      0x130
                0x0000000008000000                . = ALIGN (0x4)
 *(.isr_vector)
 .isr_vector    0x0000000008000000      0x130 Startup/startup_stm32f103c6tx.o
                0x0000000008000000                g_pfnVectors
                0x0000000008000130                . = ALIGN (0x4)

.text           0x0000000008000130      0x9f0
                0x0000000008000130                . = ALIGN (0x4)
 *(.text)
 .text          0x0000000008000130       0x40 c:/st/stm32cubeide_1.4.0/stm32cubeide/plugins/com.st.stm32cube.ide.mcu.externaltools.gnu-tools-for-stm32.7-2018-q2-update.win32_1.4.0.202007081208/tools/bin/../lib/gcc/arm-none-eabi/7.3.1/thumb/v7-m/crtbegin.o
 *(.text*)
 .text.Get_CRLH_Position
                0x0000000008000170       0xc8 GPIO/Src/MCAL_GPIO.o
                0x0000000008000170                Get_CRLH_Position
 .text.MCAL_GPIO_Init
                0x0000000008000238       0xfc GPIO/Src/MCAL_GPIO.o
                0x0000000008000238                MCAL_GPIO_Init
 .text.MCAL_GPIO_ReadPin
                0x0000000008000334       0x2e GPIO/Src/MCAL_GPIO.o
                0x0000000008000334                MCAL_GPIO_ReadPin
 .text.MCAL_GPIO_WritePin
                0x0000000008000362       0x2e GPIO/Src/MCAL_GPIO.o
                0x0000000008000362                MCAL_GPIO_WritePin
 .text.MCAL_GPIO_WritePort
                0x0000000008000390       0x1c GPIO/Src/MCAL_GPIO.o
                0x0000000008000390                MCAL_GPIO_WritePort
 .text.GPIO_KPD_init
                0x00000000080003ac       0xdc KEYPAD/Src/HAL_KEYPAD.o
                0x00000000080003ac                GPIO_KPD_init
 .text.KPD_GetKeyState
                0x0000000008000488       0xd0 KEYPAD/Src/HAL_KEYPAD.o
                0x0000000008000488                KPD_GetKeyState
 .text.delay_ms
                0x0000000008000558       0x38 LCD/Src/HAL_LCD.o
                0x0000000008000558                delay_ms
 .text.GPIO_LCD_init
                0x0000000008000590      0x10c LCD/Src/HAL_LCD.o
                0x0000000008000590                GPIO_LCD_init
 .text.HAL_LCD_Init
                0x000000000800069c       0x54 LCD/Src/HAL_LCD.o
                0x000000000800069c                HAL_LCD_Init
 .text.HAL_LCD_Send_Cmnd
                0x00000000080006f0       0xac LCD/Src/HAL_LCD.o
                0x00000000080006f0                HAL_LCD_Send_Cmnd
 .text.HAL_LCD_Send_Char
                0x000000000800079c       0xac LCD/Src/HAL_LCD.o
                0x000000000800079c                HAL_LCD_Send_Char
 .text.HAL_LCD_Send_String
                0x0000000008000848       0x4a LCD/Src/HAL_LCD.o
                0x0000000008000848                HAL_LCD_Send_String
 .text.HAL_LCD_GOTO_XY
                0x0000000008000892       0x46 LCD/Src/HAL_LCD.o
                0x0000000008000892                HAL_LCD_GOTO_XY
 .text.HAL_LCD_Clean_Screen
                0x00000000080008d8       0x14 LCD/Src/HAL_LCD.o
                0x00000000080008d8                HAL_LCD_Clean_Screen
 .text.wait_ms  0x00000000080008ec       0x38 Src/main.o
                0x00000000080008ec                wait_ms
 .text.clock_init
                0x0000000008000924       0x28 Src/main.o
                0x0000000008000924                clock_init
 .text.Seven_SEG_init
                0x000000000800094c       0x74 Src/main.o
                0x000000000800094c                Seven_SEG_init
 .text.main     0x00000000080009c0       0xac Src/main.o
                0x00000000080009c0                main
 .text.Reset_Handler
                0x0000000008000a6c       0x50 Startup/startup_stm32f103c6tx.o
                0x0000000008000a6c                Reset_Handler
 .text.Default_Handler
                0x0000000008000abc        0x2 Startup/startup_stm32f103c6tx.o
                0x0000000008000abc                EXTI2_IRQHandler
                0x0000000008000abc                TIM8_TRG_COM_IRQHandler
                0x0000000008000abc                TIM8_CC_IRQHandler
                0x0000000008000abc                DebugMon_Handler
                0x0000000008000abc                TIM1_CC_IRQHandler
                0x0000000008000abc                HardFault_Handler
                0x0000000008000abc                TIM6_IRQHandler
                0x0000000008000abc                SysTick_Handler
                0x0000000008000abc                PVD_IRQHandler
                0x0000000008000abc                SDIO_IRQHandler
                0x0000000008000abc                PendSV_Handler
                0x0000000008000abc                NMI_Handler
                0x0000000008000abc                EXTI3_IRQHandler
                0x0000000008000abc                USB_HP_CAN_TX_IRQHandler
                0x0000000008000abc                EXTI0_IRQHandler
                0x0000000008000abc                I2C2_EV_IRQHandler
                0x0000000008000abc                UsageFault_Handler
                0x0000000008000abc                ADC1_2_IRQHandler
                0x0000000008000abc                SPI1_IRQHandler
                0x0000000008000abc                CAN_SCE_IRQHandler
                0x0000000008000abc                TAMPER_IRQHandler
                0x0000000008000abc                TIM8_UP_IRQHandler
                0x0000000008000abc                DMA2_Channel2_IRQHandler
                0x0000000008000abc                DMA1_Channel4_IRQHandler
                0x0000000008000abc                USART3_IRQHandler
                0x0000000008000abc                RTC_IRQHandler
                0x0000000008000abc                DMA1_Channel7_IRQHandler
                0x0000000008000abc                UART5_IRQHandler
                0x0000000008000abc                ADC3_IRQHandler
                0x0000000008000abc                TIM4_IRQHandler
                0x0000000008000abc                CAN_RX1_IRQHandler
                0x0000000008000abc                DMA2_Channel1_IRQHandler
                0x0000000008000abc                I2C1_EV_IRQHandler
                0x0000000008000abc                DMA1_Channel6_IRQHandler
                0x0000000008000abc                UART4_IRQHandler
                0x0000000008000abc                TIM3_IRQHandler
                0x0000000008000abc                RCC_IRQHandler
                0x0000000008000abc                TIM1_TRG_COM_IRQHandler
                0x0000000008000abc                DMA1_Channel1_IRQHandler
                0x0000000008000abc                Default_Handler
                0x0000000008000abc                EXTI15_10_IRQHandler
                0x0000000008000abc                TIM7_IRQHandler
                0x0000000008000abc                TIM5_IRQHandler
                0x0000000008000abc                EXTI9_5_IRQHandler
                0x0000000008000abc                SPI2_IRQHandler
                0x0000000008000abc                USB_LP_CAN_RX0_IRQHandler
                0x0000000008000abc                MemManage_Handler
                0x0000000008000abc                SVC_Handler
                0x0000000008000abc                DMA1_Channel5_IRQHandler
                0x0000000008000abc                EXTI4_IRQHandler
                0x0000000008000abc                DMA1_Channel3_IRQHandler
                0x0000000008000abc                FSMC_IRQHandler
                0x0000000008000abc                TIM1_UP_IRQHandler
                0x0000000008000abc                WWDG_IRQHandler
                0x0000000008000abc                TIM2_IRQHandler
                0x0000000008000abc                TIM1_BRK_IRQHandler
                0x0000000008000abc                EXTI1_IRQHandler
                0x0000000008000abc                RTCAlarm_IRQHandler
                0x0000000008000abc                DMA2_Channel4_5_IRQHandler
                0x0000000008000abc                USART2_IRQHandler
                0x0000000008000abc                I2C2_ER_IRQHandler
                0x0000000008000abc                DMA1_Channel2_IRQHandler
                0x0000000008000abc                TIM8_BRK_IRQHandler
                0x0000000008000abc                FLASH_IRQHandler
                0x0000000008000abc                BusFault_Handler
                0x0000000008000abc                USART1_IRQHandler
                0x0000000008000abc                SPI3_IRQHandler
                0x0000000008000abc                I2C1_ER_IRQHandler
                0x0000000008000abc                DMA2_Channel3_IRQHandler
 *fill*         0x0000000008000abe        0x2 
 .text.__libc_init_array
                0x0000000008000ac0       0x48 c:/st/stm32cubeide_1.4.0/stm32cubeide/plugins/com.st.stm32cube.ide.mcu.externaltools.gnu-tools-for-stm32.7-2018-q2-update.win32_1.4.0.202007081208/tools/bin/../lib/gcc/arm-none-eabi/7.3.1/../../../../arm-none-eabi/lib/thumb/v7-m\libc_nano.a(lib_a-init.o)
                0x0000000008000ac0                __libc_init_array
 *(.glue_7)
 .glue_7        0x0000000008000b08        0x0 linker stubs
 *(.glue_7t)
 .glue_7t       0x0000000008000b08        0x0 linker stubs
 *(.eh_frame)
 .eh_frame      0x0000000008000b08        0x0 c:/st/stm32cubeide_1.4.0/stm32cubeide/plugins/com.st.stm32cube.ide.mcu.externaltools.gnu-tools-for-stm32.7-2018-q2-update.win32_1.4.0.202007081208/tools/bin/../lib/gcc/arm-none-eabi/7.3.1/thumb/v7-m/crtbegin.o
 *(.init)
 .init          0x0000000008000b08        0x4 c:/st/stm32cubeide_1.4.0/stm32cubeide/plugins/com.st.stm32cube.ide.mcu.externaltools.gnu-tools-for-stm32.7-2018-q2-update.win32_1.4.0.202007081208/tools/bin/../lib/gcc/arm-none-eabi/7.3.1/thumb/v7-m/crti.o
                0x0000000008000b08                _init
 .init          0x0000000008000b0c        0x8 c:/st/stm32cubeide_1.4.0/stm32cubeide/plugins/com.st.stm32cube.ide.mcu.externaltools.gnu-tools-for-stm32.7-2018-q2-update.win32_1.4.0.202007081208/tools/bin/../lib/gcc/arm-none-eabi/7.3.1/thumb/v7-m/crtn.o
 *(.fini)
 .fini          0x0000000008000b14        0x4 c:/st/stm32cubeide_1.4.0/stm32cubeide/plugins/com.st.stm32cube.ide.mcu.externaltools.gnu-tools-for-stm32.7-2018-q2-update.win32_1.4.0.202007081208/tools/bin/../lib/gcc/arm-none-eabi/7.3.1/thumb/v7-m/crti.o
                0x0000000008000b14                _fini
 .fini          0x0000000008000b18        0x8 c:/st/stm32cubeide_1.4.0/stm32cubeide/plugins/com.st.stm32cube.ide.mcu.externaltools.gnu-tools-for-stm32.7-2018-q2-update.win32_1.4.0.202007081208/tools/bin/../lib/gcc/arm-none-eabi/7.3.1/thumb/v7-m/crtn.o
                0x0000000008000b20                . = ALIGN (0x4)
                0x0000000008000b20                _etext = .

.vfp11_veneer   0x0000000008000b20        0x0
 .vfp11_veneer  0x0000000008000b20        0x0 linker stubs

.v4_bx          0x0000000008000b20        0x0
 .v4_bx         0x0000000008000b20        0x0 linker stubs

.iplt           0x0000000008000b20        0x0
 .iplt          0x0000000008000b20        0x0 c:/st/stm32cubeide_1.4.0/stm32cubeide/plugins/com.st.stm32cube.ide.mcu.externaltools.gnu-tools-for-stm32.7-2018-q2-update.win32_1.4.0.202007081208/tools/bin/../lib/gcc/arm-none-eabi/7.3.1/thumb/v7-m/crtbegin.o

.rodata         0x0000000008000b20       0x18
                0x0000000008000b20                . = ALIGN (0x4)
 *(.rodata)
 .rodata        0x0000000008000b20       0x15 Src/main.o
 *(.rodata*)
                0x0000000008000b38                . = ALIGN (0x4)
 *fill*         0x0000000008000b35        0x3 

.rel.dyn        0x0000000008000b38        0x0
 .rel.iplt      0x0000000008000b38        0x0 c:/st/stm32cubeide_1.4.0/stm32cubeide/plugins/com.st.stm32cube.ide.mcu.externaltools.gnu-tools-for-stm32.7-2018-q2-update.win32_1.4.0.202007081208/tools/bin/../lib/gcc/arm-none-eabi/7.3.1/thumb/v7-m/crtbegin.o

.ARM.extab      0x0000000008000b38        0x0
                0x0000000008000b38                . = ALIGN (0x4)
 *(.ARM.extab* .gnu.linkonce.armextab.*)
                0x0000000008000b38                . = ALIGN (0x4)

.ARM            0x0000000008000b38        0x0
                0x0000000008000b38                . = ALIGN (0x4)
                0x0000000008000b38                __exidx_start = .
 *(.ARM.exidx*)
                0x0000000008000b38                __exidx_end = .
                0x0000000008000b38                . = ALIGN (0x4)

.preinit_array  0x0000000008000b38        0x0
                0x0000000008000b38                . = ALIGN (0x4)
                0x0000000008000b38                PROVIDE (__preinit_array_start = .)
 *(.preinit_array*)
                0x0000000008000b38                PROVIDE (__preinit_array_end = .)
                0x0000000008000b38                . = ALIGN (0x4)

.init_array     0x0000000008000b38        0x4
                0x0000000008000b38                . = ALIGN (0x4)
                0x0000000008000b38                PROVIDE (__init_array_start = .)
 *(SORT_BY_NAME(.init_array.*))
 *(.init_array*)
 .init_array    0x0000000008000b38        0x4 c:/st/stm32cubeide_1.4.0/stm32cubeide/plugins/com.st.stm32cube.ide.mcu.externaltools.gnu-tools-for-stm32.7-2018-q2-update.win32_1.4.0.202007081208/tools/bin/../lib/gcc/arm-none-eabi/7.3.1/thumb/v7-m/crtbegin.o
                0x0000000008000b3c                PROVIDE (__init_array_end = .)
                0x0000000008000b3c                . = ALIGN (0x4)

.fini_array     0x0000000008000b3c        0x4
                0x0000000008000b3c                . = ALIGN (0x4)
                [!provide]                        PROVIDE (__fini_array_start = .)
 *(SORT_BY_NAME(.fini_array.*))
 *(.fini_array*)
 .fini_array    0x0000000008000b3c        0x4 c:/st/stm32cubeide_1.4.0/stm32cubeide/plugins/com.st.stm32cube.ide.mcu.externaltools.gnu-tools-for-stm32.7-2018-q2-update.win32_1.4.0.202007081208/tools/bin/../lib/gcc/arm-none-eabi/7.3.1/thumb/v7-m/crtbegin.o
                [!provide]                        PROVIDE (__fini_array_end = .)
                0x0000000008000b40                . = ALIGN (0x4)
                0x0000000008000b40                _sidata = LOADADDR (.data)

.data           0x0000000020000000       0x48 load address 0x0000000008000b40
                0x0000000020000000                . = ALIGN (0x4)
                0x0000000020000000                _sdata = .
 *(.data)
 *(.data*)
 .data.KPD_Keys
                0x0000000020000000       0x20 KEYPAD/Src/HAL_KEYPAD.o
                0x0000000020000000                KPD_Keys
 .data.KPD_RowsPins
                0x0000000020000020        0x8 KEYPAD/Src/HAL_KEYPAD.o
                0x0000000020000020                KPD_RowsPins
 .data.KPD_ColumnsPins
                0x0000000020000028        0x8 KEYPAD/Src/HAL_KEYPAD.o
                0x0000000020000028                KPD_ColumnsPins
 .data.Seven_SEG
                0x0000000020000030        0xb Src/main.o
                0x0000000020000030                Seven_SEG
 *fill*         0x000000002000003b        0x1 
 .data.LCD_Display
                0x000000002000003c        0xb Src/main.o
                0x000000002000003c                LCD_Display
                0x0000000020000048                . = ALIGN (0x4)
 *fill*         0x0000000020000047        0x1 
                0x0000000020000048                _edata = .

.igot.plt       0x0000000020000048        0x0 load address 0x0000000008000b88
 .igot.plt      0x0000000020000048        0x0 c:/st/stm32cubeide_1.4.0/stm32cubeide/plugins/com.st.stm32cube.ide.mcu.externaltools.gnu-tools-for-stm32.7-2018-q2-update.win32_1.4.0.202007081208/tools/bin/../lib/gcc/arm-none-eabi/7.3.1/thumb/v7-m/crtbegin.o
                0x0000000020000048                . = ALIGN (0x4)

.bss            0x0000000020000048       0x1c load address 0x0000000008000b88
                0x0000000020000048                _sbss = .
                0x0000000020000048                __bss_start__ = _sbss
 *(.bss)
 .bss           0x0000000020000048       0x1c c:/st/stm32cubeide_1.4.0/stm32cubeide/plugins/com.st.stm32cube.ide.mcu.externaltools.gnu-tools-for-stm32.7-2018-q2-update.win32_1.4.0.202007081208/tools/bin/../lib/gcc/arm-none-eabi/7.3.1/thumb/v7-m/crtbegin.o
 *(.bss*)
 *(COMMON)
                0x0000000020000064                . = ALIGN (0x4)
                0x0000000020000064                _ebss = .
                0x0000000020000064                __bss_end__ = _ebss

._user_heap_stack
                0x0000000020000064      0x604 load address 0x0000000008000b88
                0x0000000020000068                . = ALIGN (0x8)
 *fill*         0x0000000020000064        0x4 
                [!provide]                        PROVIDE (end = .)
                0x0000000020000068                PROVIDE (_end = .)
                0x0000000020000268                . = (. + _Min_Heap_Size)
 *fill*         0x0000000020000068      0x200 
                0x0000000020000668                . = (. + _Min_Stack_Size)
 *fill*         0x0000000020000268      0x400 
                0x0000000020000668                . = ALIGN (0x8)

/DISCARD/
 libc.a(*)
 libm.a(*)
 libgcc.a(*)

.ARM.attributes
                0x0000000000000000       0x29
 *(.ARM.attributes)
 .ARM.attributes
                0x0000000000000000       0x1d c:/st/stm32cubeide_1.4.0/stm32cubeide/plugins/com.st.stm32cube.ide.mcu.externaltools.gnu-tools-for-stm32.7-2018-q2-update.win32_1.4.0.202007081208/tools/bin/../lib/gcc/arm-none-eabi/7.3.1/thumb/v7-m/crti.o
 .ARM.attributes
                0x000000000000001d       0x2d c:/st/stm32cubeide_1.4.0/stm32cubeide/plugins/com.st.stm32cube.ide.mcu.externaltools.gnu-tools-for-stm32.7-2018-q2-update.win32_1.4.0.202007081208/tools/bin/../lib/gcc/arm-none-eabi/7.3.1/thumb/v7-m/crtbegin.o
 .ARM.attributes
                0x000000000000004a       0x33 GPIO/Src/MCAL_GPIO.o
 .ARM.attributes
                0x000000000000007d       0x33 KEYPAD/Src/HAL_KEYPAD.o
 .ARM.attributes
                0x00000000000000b0       0x33 LCD/Src/HAL_LCD.o
 .ARM.attributes
                0x00000000000000e3       0x33 Src/main.o
 .ARM.attributes
                0x0000000000000116       0x21 Startup/startup_stm32f103c6tx.o
 .ARM.attributes
                0x0000000000000137       0x2d c:/st/stm32cubeide_1.4.0/stm32cubeide/plugins/com.st.stm32cube.ide.mcu.externaltools.gnu-tools-for-stm32.7-2018-q2-update.win32_1.4.0.202007081208/tools/bin/../lib/gcc/arm-none-eabi/7.3.1/../../../../arm-none-eabi/lib/thumb/v7-m\libc_nano.a(lib_a-init.o)
 .ARM.attributes
                0x0000000000000164       0x1d c:/st/stm32cubeide_1.4.0/stm32cubeide/plugins/com.st.stm32cube.ide.mcu.externaltools.gnu-tools-for-stm32.7-2018-q2-update.win32_1.4.0.202007081208/tools/bin/../lib/gcc/arm-none-eabi/7.3.1/thumb/v7-m/crtn.o
OUTPUT(Lab1_unit7_section3.elf elf32-littlearm)

.debug_info     0x0000000000000000     0x31cd
 .debug_info    0x0000000000000000      0xd79 GPIO/Src/MCAL_GPIO.o
 .debug_info    0x0000000000000d79      0xb43 KEYPAD/Src/HAL_KEYPAD.o
 .debug_info    0x00000000000018bc      0xcc8 LCD/Src/HAL_LCD.o
 .debug_info    0x0000000000002584      0xc27 Src/main.o
 .debug_info    0x00000000000031ab       0x22 Startup/startup_stm32f103c6tx.o

.debug_abbrev   0x0000000000000000      0x826
 .debug_abbrev  0x0000000000000000      0x232 GPIO/Src/MCAL_GPIO.o
 .debug_abbrev  0x0000000000000232      0x1aa KEYPAD/Src/HAL_KEYPAD.o
 .debug_abbrev  0x00000000000003dc      0x235 LCD/Src/HAL_LCD.o
 .debug_abbrev  0x0000000000000611      0x203 Src/main.o
 .debug_abbrev  0x0000000000000814       0x12 Startup/startup_stm32f103c6tx.o

.debug_loc      0x0000000000000000      0x7dc
 .debug_loc     0x0000000000000000      0x330 GPIO/Src/MCAL_GPIO.o
 .debug_loc     0x0000000000000330       0xa0 KEYPAD/Src/HAL_KEYPAD.o
 .debug_loc     0x00000000000003d0      0x2e4 LCD/Src/HAL_LCD.o
 .debug_loc     0x00000000000006b4      0x128 Src/main.o

.debug_aranges  0x0000000000000000      0x150
 .debug_aranges
                0x0000000000000000       0x60 GPIO/Src/MCAL_GPIO.o
 .debug_aranges
                0x0000000000000060       0x28 KEYPAD/Src/HAL_KEYPAD.o
 .debug_aranges
                0x0000000000000088       0x68 LCD/Src/HAL_LCD.o
 .debug_aranges
                0x00000000000000f0       0x38 Src/main.o
 .debug_aranges
                0x0000000000000128       0x28 Startup/startup_stm32f103c6tx.o

.debug_ranges   0x0000000000000000      0x108
 .debug_ranges  0x0000000000000000       0x50 GPIO/Src/MCAL_GPIO.o
 .debug_ranges  0x0000000000000050       0x18 KEYPAD/Src/HAL_KEYPAD.o
 .debug_ranges  0x0000000000000068       0x58 LCD/Src/HAL_LCD.o
 .debug_ranges  0x00000000000000c0       0x28 Src/main.o
 .debug_ranges  0x00000000000000e8       0x20 Startup/startup_stm32f103c6tx.o

.debug_macro    0x0000000000000000     0x2036
 .debug_macro   0x0000000000000000      0x13f GPIO/Src/MCAL_GPIO.o
 .debug_macro   0x000000000000013f      0xa60 GPIO/Src/MCAL_GPIO.o
 .debug_macro   0x0000000000000b9f       0x18 GPIO/Src/MCAL_GPIO.o
 .debug_macro   0x0000000000000bb7       0x22 GPIO/Src/MCAL_GPIO.o
 .debug_macro   0x0000000000000bd9       0x40 GPIO/Src/MCAL_GPIO.o
 .debug_macro   0x0000000000000c19       0x94 GPIO/Src/MCAL_GPIO.o
 .debug_macro   0x0000000000000cad       0x3c GPIO/Src/MCAL_GPIO.o
 .debug_macro   0x0000000000000ce9       0x34 GPIO/Src/MCAL_GPIO.o
 .debug_macro   0x0000000000000d1d       0x16 GPIO/Src/MCAL_GPIO.o
 .debug_macro   0x0000000000000d33      0x10e GPIO/Src/MCAL_GPIO.o
 .debug_macro   0x0000000000000e41       0x8d GPIO/Src/MCAL_GPIO.o
 .debug_macro   0x0000000000000ece       0x57 GPIO/Src/MCAL_GPIO.o
 .debug_macro   0x0000000000000f25       0x52 GPIO/Src/MCAL_GPIO.o
 .debug_macro   0x0000000000000f77       0x1f GPIO/Src/MCAL_GPIO.o
 .debug_macro   0x0000000000000f96       0x43 GPIO/Src/MCAL_GPIO.o
 .debug_macro   0x0000000000000fd9       0x20 GPIO/Src/MCAL_GPIO.o
 .debug_macro   0x0000000000000ff9      0x1a3 GPIO/Src/MCAL_GPIO.o
 .debug_macro   0x000000000000119c      0x330 GPIO/Src/MCAL_GPIO.o
 .debug_macro   0x00000000000014cc       0x16 GPIO/Src/MCAL_GPIO.o
 .debug_macro   0x00000000000014e2       0x29 GPIO/Src/MCAL_GPIO.o
 .debug_macro   0x000000000000150b       0xef GPIO/Src/MCAL_GPIO.o
 .debug_macro   0x00000000000015fa       0x6a GPIO/Src/MCAL_GPIO.o
 .debug_macro   0x0000000000001664      0x1df GPIO/Src/MCAL_GPIO.o
 .debug_macro   0x0000000000001843       0xb4 GPIO/Src/MCAL_GPIO.o
 .debug_macro   0x00000000000018f7       0xca GPIO/Src/MCAL_GPIO.o
 .debug_macro   0x00000000000019c1      0x154 KEYPAD/Src/HAL_KEYPAD.o
 .debug_macro   0x0000000000001b15       0x8e KEYPAD/Src/HAL_KEYPAD.o
 .debug_macro   0x0000000000001ba3       0x51 KEYPAD/Src/HAL_KEYPAD.o
 .debug_macro   0x0000000000001bf4       0x40 KEYPAD/Src/HAL_KEYPAD.o
 .debug_macro   0x0000000000001c34       0x46 KEYPAD/Src/HAL_KEYPAD.o
 .debug_macro   0x0000000000001c7a      0x151 LCD/Src/HAL_LCD.o
 .debug_macro   0x0000000000001dcb       0x3a LCD/Src/HAL_LCD.o
 .debug_macro   0x0000000000001e05       0x5e LCD/Src/HAL_LCD.o
 .debug_macro   0x0000000000001e63      0x18d Src/main.o
 .debug_macro   0x0000000000001ff0       0x46 Src/main.o

.debug_line     0x0000000000000000     0x1aa4
 .debug_line    0x0000000000000000      0x64d GPIO/Src/MCAL_GPIO.o
 .debug_line    0x000000000000064d      0x620 KEYPAD/Src/HAL_KEYPAD.o
 .debug_line    0x0000000000000c6d      0x713 LCD/Src/HAL_LCD.o
 .debug_line    0x0000000000001380      0x6a0 Src/main.o
 .debug_line    0x0000000000001a20       0x84 Startup/startup_stm32f103c6tx.o

.debug_str      0x0000000000000000     0x7c96
 .debug_str     0x0000000000000000     0x761b GPIO/Src/MCAL_GPIO.o
                                       0x7886 (size before relaxing)
 .debug_str     0x000000000000761b      0x1bb KEYPAD/Src/HAL_KEYPAD.o
                                       0x78df (size before relaxing)
 .debug_str     0x00000000000077d6      0x3d4 LCD/Src/HAL_LCD.o
                                       0x7b02 (size before relaxing)
 .debug_str     0x0000000000007baa       0xbb Src/main.o
                                       0x7a1a (size before relaxing)
 .debug_str     0x0000000000007c65       0x31 Startup/startup_stm32f103c6tx.o
                                         0x85 (size before relaxing)

.comment        0x0000000000000000       0x7b
 .comment       0x0000000000000000       0x7b GPIO/Src/MCAL_GPIO.o
                                         0x7c (size before relaxing)
 .comment       0x000000000000007b       0x7c KEYPAD/Src/HAL_KEYPAD.o
 .comment       0x000000000000007b       0x7c LCD/Src/HAL_LCD.o
 .comment       0x000000000000007b       0x7c Src/main.o

.debug_frame    0x0000000000000000      0x404
 .debug_frame   0x0000000000000000      0x178 GPIO/Src/MCAL_GPIO.o
 .debug_frame   0x0000000000000178       0x58 KEYPAD/Src/HAL_KEYPAD.o
 .debug_frame   0x00000000000001d0      0x16c LCD/Src/HAL_LCD.o
 .debug_frame   0x000000000000033c       0x9c Src/main.o
 .debug_frame   0x00000000000003d8       0x2c c:/st/stm32cubeide_1.4.0/stm32cubeide/plugins/com.st.stm32cube.ide.mcu.externaltools.gnu-tools-for-stm32.7-2018-q2-update.win32_1.4.0.202007081208/tools/bin/../lib/gcc/arm-none-eabi/7.3.1/../../../../arm-none-eabi/lib/thumb/v7-m\libc_nano.a(lib_a-init.o)
